Component: ARM Compiler 5.05 update 1 (build 106) Tool: armlink [4d0efa]

==============================================================================

Section Cross References

    main.o(.text) refers to misc.o(.text) for NVIC_PriorityGroupConfig
    main.o(.text) refers to delay.o(.text) for delay_init
    main.o(.text) refers to usart.o(.text) for uart_init
    main.o(.text) refers to beep.o(.text) for BEEP_Init
    main.o(.text) refers to led.o(.text) for LED_Init
    main.o(.text) refers to lcd.o(.text) for LCD_Init
    main.o(.text) refers to rtc.o(.text) for My_RTC_Init
    main.o(.text) refers to adc.o(.text) for Adc_Init
    main.o(.text) refers to exti.o(.text) for EXTIX_Init
    main.o(.text) refers to gui.o(.text) for run_menu
    main.o(.text) refers to usmart_config.o(.data) for usmart_dev
    main.o(.text) refers to touch.o(.data) for tp_dev
    system_stm32f4xx.o(.text) refers to system_stm32f4xx.o(.data) for SystemCoreClock
    gui.o(.text) refers to _printf_pad.o(.text) for _printf_pre_padding
    gui.o(.text) refers to _printf_percent.o(.ARM.Collect$$_printf_percent$$00000000) for _printf_percent
    gui.o(.text) refers to _printf_d.o(.ARM.Collect$$_printf_percent$$00000009) for _printf_d
    gui.o(.text) refers to _printf_dec.o(.text) for _printf_int_dec
    gui.o(.text) refers to lcd.o(.text) for LCD_DrawPoint
    gui.o(.text) refers to f2d.o(x$fpl$f2d) for __aeabi_f2d
    gui.o(.text) refers to cos.o(i.__hardfp_cos) for __hardfp_cos
    gui.o(.text) refers to dflt_clz.o(x$fpl$dflt) for __aeabi_i2d
    gui.o(.text) refers to dmul.o(x$fpl$dmul) for __aeabi_dmul
    gui.o(.text) refers to daddsub_clz.o(x$fpl$dadd) for __aeabi_dadd
    gui.o(.text) refers to dfix.o(x$fpl$dfix) for __aeabi_d2iz
    gui.o(.text) refers to sin.o(i.__hardfp_sin) for __hardfp_sin
    gui.o(.text) refers to lcd.o(.data) for POINT_COLOR
    gui.o(.text) refers to gui.o(.data) for bk_color
    gui.o(.text) refers to stm32f4xx_rtc.o(.text) for RTC_GetDate
    gui.o(.text) refers to noretval__2sprintf.o(.text) for __2sprintf
    gui.o(.text) refers to adc.o(.text) for Get_Temprate
    gui.o(.text) refers to rt_memcpy_w.o(.text) for __aeabi_memcpy4
    gui.o(.text) refers to gui.o(.bss) for add_button1
    gui.o(.text) refers to strcpy.o(.text) for strcpy
    gui.o(.text) refers to touch.o(.data) for tp_dev
    gui.o(.text) refers to gui.o(.constdata) for .constdata
    gui.o(.text) refers to delay.o(.text) for delay_ms
    gui.o(.text) refers to rtc.o(.text) for RTC_Set_Date
    gui.o(.text) refers to rtc.o(.bss) for my_alarm_clock
    led.o(.text) refers to stm32f4xx_rcc.o(.text) for RCC_AHB1PeriphClockCmd
    led.o(.text) refers to stm32f4xx_gpio.o(.text) for GPIO_Init
    lcd.o(.text) refers to _printf_percent.o(.ARM.Collect$$_printf_percent$$00000000) for _printf_percent
    lcd.o(.text) refers to _printf_x.o(.ARM.Collect$$_printf_percent$$0000000C) for _printf_x
    lcd.o(.text) refers to _printf_hex_int.o(.text) for _printf_longlong_hex
    lcd.o(.text) refers to delay.o(.text) for delay_us
    lcd.o(.text) refers to lcd.o(.bss) for lcddev
    lcd.o(.text) refers to lcd.o(.data) for POINT_COLOR
    lcd.o(.text) refers to dflt_clz.o(x$fpl$dfltu) for __aeabi_ui2d
    lcd.o(.text) refers to dmul.o(x$fpl$dmul) for __aeabi_dmul
    lcd.o(.text) refers to dfixu.o(x$fpl$dfixu) for __aeabi_d2uiz
    lcd.o(.text) refers to stm32f4xx_rcc.o(.text) for RCC_AHB1PeriphClockCmd
    lcd.o(.text) refers to stm32f4xx_gpio.o(.text) for GPIO_Init
    lcd.o(.text) refers to stm32f4xx_fsmc.o(.text) for FSMC_NORSRAMInit
    lcd.o(.text) refers to noretval__2printf.o(.text) for __2printf
    lcd.o(.text) refers to lcd.o(.constdata) for asc2_1206
    rtc.o(.text) refers to stm32f4xx_rtc.o(.text) for RTC_GetDate
    rtc.o(.text) refers to stm32f4xx_exti.o(.text) for EXTI_ClearITPendingBit
    rtc.o(.text) refers to misc.o(.text) for NVIC_Init
    rtc.o(.text) refers to stm32f4xx_rcc.o(.text) for RCC_APB1PeriphClockCmd
    rtc.o(.text) refers to stm32f4xx_pwr.o(.text) for PWR_BackupAccessCmd
    rtc.o(.text) refers to delay.o(.text) for delay_ms
    rtc.o(.text) refers to gui.o(.text) for show_date
    rtc.o(.text) refers to rtc.o(.bss) for my_alarm_clock
    rtc.o(.text) refers to rtc.o(.data) for NVIC_InitStructure
    rtc.o(.text) refers to gui.o(.data) for alarm_clock_working
    adc.o(.text) refers to stm32f4xx_rcc.o(.text) for RCC_AHB1PeriphClockCmd
    adc.o(.text) refers to stm32f4xx_gpio.o(.text) for GPIO_Init
    adc.o(.text) refers to stm32f4xx_adc.o(.text) for ADC_TempSensorVrefintCmd
    adc.o(.text) refers to delay.o(.text) for delay_ms
    adc.o(.text) refers to f2d.o(x$fpl$f2d) for __aeabi_f2d
    adc.o(.text) refers to dmul.o(x$fpl$dmul) for __aeabi_dmul
    adc.o(.text) refers to daddsub_clz.o(x$fpl$dsub) for __aeabi_dsub
    adc.o(.text) refers to ddiv.o(x$fpl$ddiv) for __aeabi_ddiv
    adc.o(.text) refers to daddsub_clz.o(x$fpl$dadd) for __aeabi_dadd
    adc.o(.text) refers to dfix.o(x$fpl$dfix) for __aeabi_d2iz
[...]
    EXTI0_IRQHandler                         0x08009c0d   Thumb Code    58  exti.o(.text)
    EXTI2_IRQHandler                         0x08009c47   Thumb Code    56  exti.o(.text)
    EXTI3_IRQHandler                         0x08009c7f   Thumb Code    56  exti.o(.text)
    EXTI4_IRQHandler                         0x08009cb7   Thumb Code    56  exti.o(.text)
    EXTIX_Init                               0x08009cef   Thumb Code   222  exti.o(.text)
    TP_Write_Byte                            0x08009dd9   Thumb Code    64  touch.o(.text)
    TP_Read_AD                               0x08009e19   Thumb Code   132  touch.o(.text)
    TP_Read_XOY                              0x08009e9d   Thumb Code   120  touch.o(.text)
    TP_Read_XY                               0x08009f15   Thumb Code    38  touch.o(.text)
    TP_Read_XY2                              0x08009f3b   Thumb Code   192  touch.o(.text)
    TP_Drow_Touch_Point                      0x08009ffb   Thumb Code   108  touch.o(.text)
    TP_Draw_Big_Point                        0x0800a067   Thumb Code    54  touch.o(.text)
    TP_Scan                                  0x0800a09d   Thumb Code   244  touch.o(.text)
    TP_Save_Adjdata                          0x0800a191   Thumb Code   166  touch.o(.text)
    TP_Get_Adjdata                           0x0800a237   Thumb Code   160  touch.o(.text)
    TP_Adj_Info_Show                         0x0800a2d7   Thumb Code   374  touch.o(.text)
    TP_Adjust                                0x0800a44d   Thumb Code  2290  touch.o(.text)
    TP_Init                                  0x0800ad3f   Thumb Code   290  touch.o(.text)
    CT_Delay                                 0x0800aeb9   Thumb Code    10  ctiic.o(.text)
    CT_IIC_Init                              0x0800aec3   Thumb Code    60  ctiic.o(.text)
    CT_IIC_Start                             0x0800aeff   Thumb Code    62  ctiic.o(.text)
    CT_IIC_Stop                              0x0800af3d   Thumb Code    56  ctiic.o(.text)
    CT_IIC_Wait_Ack                          0x0800af75   Thumb Code    78  ctiic.o(.text)
    CT_IIC_Ack                               0x0800afc3   Thumb Code    66  ctiic.o(.text)
    CT_IIC_NAck                              0x0800b005   Thumb Code    66  ctiic.o(.text)
    CT_IIC_Send_Byte                         0x0800b047   Thumb Code    82  ctiic.o(.text)
    CT_IIC_Read_Byte                         0x0800b099   Thumb Code    92  ctiic.o(.text)
    FT5206_WR_Reg                            0x0800b10d   Thumb Code    82  ft5206.o(.text)
    FT5206_RD_Reg                            0x0800b15f   Thumb Code    88  ft5206.o(.text)
    FT5206_Init                              0x0800b1b7   Thumb Code   202  ft5206.o(.text)
    FT5206_Scan                              0x0800b281   Thumb Code   400  ft5206.o(.text)
    GT9147_WR_Reg                            0x0800b439   Thumb Code    92  gt9147.o(.text)
    GT9147_Send_Cfg                          0x0800b495   Thumb Code    86  gt9147.o(.text)
    GT9147_RD_Reg                            0x0800b4eb   Thumb Code    98  gt9147.o(.text)
    GT9147_Init                              0x0800b54d   Thumb Code   248  gt9147.o(.text)
    GT9147_Scan                              0x0800b645   Thumb Code   494  gt9147.o(.text)
    OTT2001A_WR_Reg                          0x0800b881   Thumb Code    92  ott2001a.o(.text)
    OTT2001A_RD_Reg                          0x0800b8dd   Thumb Code    98  ott2001a.o(.text)
    OTT2001A_SensorControl                   0x0800b93f   Thumb Code    28  ott2001a.o(.text)
    OTT2001A_Init                            0x0800b95b   Thumb Code   142  ott2001a.o(.text)
    OTT2001A_Scan                            0x0800b9e9   Thumb Code   478  ott2001a.o(.text)
    AT24CXX_Init                             0x0800bc09   Thumb Code     8  24cxx.o(.text)
    AT24CXX_ReadOneByte                      0x0800bc11   Thumb Code    88  24cxx.o(.text)
    AT24CXX_WriteOneByte                     0x0800bc69   Thumb Code    80  24cxx.o(.text)
    AT24CXX_WriteLenByte                     0x0800bcb9   Thumb Code    42  24cxx.o(.text)
    AT24CXX_ReadLenByte                      0x0800bce3   Thumb Code    44  24cxx.o(.text)
    AT24CXX_Check                            0x0800bd0f   Thumb Code    46  24cxx.o(.text)
    AT24CXX_Read                             0x0800bd3d   Thumb Code    34  24cxx.o(.text)
    AT24CXX_Write                            0x0800bd5f   Thumb Code    36  24cxx.o(.text)
    IIC_Init                                 0x0800bd85   Thumb Code    62  myiic.o(.text)
    IIC_Start                                0x0800bdc3   Thumb Code    68  myiic.o(.text)
    IIC_Stop                                 0x0800be07   Thumb Code    62  myiic.o(.text)
    IIC_Wait_Ack                             0x0800be45   Thumb Code    82  myiic.o(.text)
    IIC_Ack                                  0x0800be97   Thumb Code    66  myiic.o(.text)
    IIC_NAck                                 0x0800bed9   Thumb Code    66  myiic.o(.text)
    IIC_Send_Byte                            0x0800bf1b   Thumb Code    90  myiic.o(.text)
    IIC_Read_Byte                            0x0800bf75   Thumb Code    94  myiic.o(.text)
    delay_init                               0x0800bfe1   Thumb Code    52  delay.o(.text)
    delay_us                                 0x0800c015   Thumb Code    72  delay.o(.text)
    delay_xms                                0x0800c05d   Thumb Code    72  delay.o(.text)
    delay_ms                                 0x0800c0a5   Thumb Code    56  delay.o(.text)
    _sys_exit                                0x0800c0e5   Thumb Code     6  usart.o(.text)
    fputc                                    0x0800c0eb   Thumb Code    22  usart.o(.text)
    uart_init                                0x0800c101   Thumb Code   164  usart.o(.text)
    USART1_IRQHandler                        0x0800c1a5   Thumb Code    86  usart.o(.text)
    Reset_Handler                            0x0800c215   Thumb Code     8  startup_stm32f40_41xxx.o(.text)
    ADC_IRQHandler                           0x0800c22f   Thumb Code     0  startup_stm32f40_41xxx.o(.text)
    CAN1_RX0_IRQHandler                      0x0800c22f   Thumb Code     0  startup_stm32f40_41xxx.o(.text)
    CAN1_RX1_IRQHandler                      0x0800c22f   Thumb Code     0  startup_stm32f40_41xxx.o(.text)
    CAN1_SCE_IRQHandler                      0x0800c22f   Thumb Code     0  startup_stm32f40_41xxx.o(.text)
    CAN1_TX_IRQHandler                       0x0800c22f   Thumb Code     0  startup_stm32f40_41xxx.o(.text)
    CAN2_RX0_IRQHandler                      0x0800c22f   Thumb Code     0  startup_stm32f40_41xxx.o(.text)
    CAN2_RX1_IRQHandler                      0x0800c22f   Thumb Code     0  startup_stm32f40_41xxx.o(.text)
    CAN2_SCE_IRQHandler                      0x0800c22f   Thumb Code     0  startup_stm32f40_41xxx.o(.text)
    CAN2_TX_IRQHandler                       0x0800c22f   Thumb Code     0  startup_stm32f40_41xxx.o(.text)
    CRYP_IRQHandler                          0x0800c22f   Thumb Code     0  startup_stm32f40_41xxx.o(.text)
    DCMI_IRQHandler                          0x0800c22f   Thumb Code     0  startup_stm32f40_41xxx.o(.text)
    DMA1_Stream0_IRQHandler                  0x0800c22f   Thumb Code     0  startup_stm32f40_41xxx.o(.text)
    DMA1_Stream1_IRQHandler                  0x0800c22f   Thumb Code     0  startup_stm32f40_41xxx.o(.text)
    DMA1_Stream2_IRQHandler                  0x0800c22f   Thumb Code     0  startup_stm32f40_41xxx.o(.text)
    DMA1_Stream3_IRQHandler                  0x0800c22f   Thumb Code     0  startup_stm32f40_41xxx.o(.text)
    DMA1_Stream4_IRQHandler                  0x0800c22f   Thumb Code     0  startup_stm32f40_41xxx.o(.text)
    DMA1_Stream5_IRQHandler                  0x0800c22f   Thumb Code     0  startup_stm32f40_41xxx.o(.text)
    DMA1_Stream6_IRQHandler                  0x0800c22f   Thumb Code     0  startup_stm32f40_41xxx.o(.text)
    DMA1_Stream7_IRQHandler                  0x0800c22f   Thumb Code     0  startup_stm32f40_41xxx.o(.text)
    DMA2_Stream0_IRQHandler                  0x0800c22f   Thumb Code     0  startup_stm32f40_41xxx.o(.text)
    DMA2_Stream1_IRQHandler                  0x0800c22f   Thumb Code     0  startup_stm32f40_41xxx.o(.text)
    DMA2_Stream2_IRQHandler                  0x0800c22f   Thumb Code     0  startup_stm32f40_41xxx.o(.text)
    DMA2_Stream3_IRQHandler                  0x0800c22f   Thumb Code     0  startup_stm32f40_41xxx.o(.text)
    DMA2_Stream4_IRQHandler                  0x0800c22f   Thumb Code     0  startup_stm32f40_41xxx.o(.text)
    DMA2_Stream5_IRQHandler                  0x0800c22f   Thumb Code     0  startup_stm32f40_41xxx.o(.text)
    DMA2_Stream6_IRQHandler                  0x0800c22f   Thumb Code     0  startup_stm32f40_41xxx.o(.text)
    DMA2_Stream7_IRQHandler                  0x0800c22f   Thumb Code     0  startup_stm32f40_41xxx.o(.text)
    ETH_IRQHandler                           0x0800c22f   Thumb Code     0  startup_stm32f40_41xxx.o(.text)
    ETH_WKUP_IRQHandler                      0x0800c22f   Thumb Code     0  startup_stm32f40_41xxx.o(.text)
    EXTI15_10_IRQHandler                     0x0800c22f   Thumb Code     0  startup_stm32f40_41xxx.o(.text)
    EXTI1_IRQHandler                         0x0800c22f   Thumb Code     0  startup_stm32f40_41xxx.o(.text)
    EXTI9_5_IRQHandler                       0x0800c22f   Thumb Code     0  startup_stm32f40_41xxx.o(.text)
    FLASH_IRQHandler                         0x0800c22f   Thumb Code     0  startup_stm32f40_41xxx.o(.text)
    FPU_IRQHandler                           0x0800c22f   Thumb Code     0  startup_stm32f40_41xxx.o(.text)
    FSMC_IRQHandler                          0x0800c22f   Thumb Code     0  startup_stm32f40_41xxx.o(.text)
    HASH_RNG_IRQHandler                      0x0800c22f   Thumb Code     0  startup_stm32f40_41xxx.o(.text)
    I2C1_ER_IRQHandler                       0x0800c22f   Thumb Code     0  startup_stm32f40_41xxx.o(.text)
    I2C1_EV_IRQHandler                       0x0800c22f   Thumb Code     0  startup_stm32f40_41xxx.o(.text)
    I2C2_ER_IRQHandler                       0x0800c22f   Thumb Code     0  startup_stm32f40_41xxx.o(.text)
    I2C2_EV_IRQHandler                       0x0800c22f   Thumb Code     0  startup_stm32f40_41xxx.o(.text)
    I2C3_ER_IRQHandler                       0x0800c22f   Thumb Code     0  startup_stm32f40_41xxx.o(.text)
    I2C3_EV_IRQHandler                       0x0800c22f   Thumb Code     0  startup_stm32f40_41xxx.o(.text)
    OTG_FS_IRQHandler                        0x0800c22f   Thumb Code     0  startup_stm32f40_41xxx.o(.text)
    OTG_FS_WKUP_IRQHandler                   0x0800c22f   Thumb Code     0  startup_stm32f40_41xxx.o(.text)
    OTG_HS_EP1_IN_IRQHandler                 0x0800c22f   Thumb Code     0  startup_stm32f40_41xxx.o(.text)
    OTG_HS_EP1_OUT_IRQHandler                0x0800c22f   Thumb Code     0  startup_stm32f40_41xxx.o(.text)
    OTG_HS_IRQHandler                        0x0800c22f   Thumb Code     0  startup_stm32f40_41xxx.o(.text)
    OTG_HS_WKUP_IRQHandler                   0x0800c22f   Thumb Code     0  startup_stm32f40_41xxx.o(.text)
    PVD_IRQHandler                           0x0800c22f   Thumb Code     0  startup_stm32f40_41xxx.o(.text)
    RCC_IRQHandler                           0x0800c22f   Thumb Code     0  startup_stm32f40_41xxx.o(.text)
    SDIO_IRQHandler                          0x0800c22f   Thumb Code     0  startup_stm32f40_41xxx.o(.text)
    SPI1_IRQHandler                          0x0800c22f   Thumb Code     0  startup_stm32f40_41xxx.o(.text)
    SPI2_IRQHandler                          0x0800c22f   Thumb Code     0  startup_stm32f40_41xxx.o(.text)
    SPI3_IRQHandler                          0x0800c22f   Thumb Code     0  startup_stm32f40_41xxx.o(.text)
    TAMP_STAMP_IRQHandler                    0x0800c22f   Thumb Code     0  startup_stm32f40_41xxx.o(.text)
    TIM1_BRK_TIM9_IRQHandler                 0x0800c22f   Thumb Code     0  startup_stm32f40_41xxx.o(.text)
    TIM1_CC_IRQHandler                       0x0800c22f   Thumb Code     0  startup_stm32f40_41xxx.o(.text)
    TIM1_TRG_COM_TIM11_IRQHandler            0x0800c22f   Thumb Code     0  startup_stm32f40_41xxx.o(.text)
    TIM1_UP_TIM10_IRQHandler                 0x0800c22f   Thumb Code     0  startup_stm32f40_41xxx.o(.text)
    TIM2_IRQHandler                          0x0800c22f   Thumb Code     0  startup_stm32f40_41xxx.o(.text)
    TIM3_IRQHandler                          0x0800c22f   Thumb Code     0  startup_stm32f40_41xxx.o(.text)
    TIM5_IRQHandler                          0x0800c22f   Thumb Code     0  startup_stm32f40_41xxx.o(.text)
    TIM6_DAC_IRQHandler                      0x0800c22f   Thumb Code     0  startup_stm32f40_41xxx.o(.text)
    TIM7_IRQHandler                          0x0800c22f   Thumb Code     0  startup_stm32f40_41xxx.o(.text)
    TIM8_BRK_TIM12_IRQHandler                0x0800c22f   Thumb Code     0  startup_stm32f40_41xxx.o(.text)
    TIM8_CC_IRQHandler                       0x0800c22f   Thumb Code     0  startup_stm32f40_41xxx.o(.text)
    TIM8_TRG_COM_TIM14_IRQHandler            0x0800c22f   Thumb Code     0  startup_stm32f40_41xxx.o(.text)
    TIM8_UP_TIM13_IRQHandler                 0x0800c22f   Thumb Code     0  startup_stm32f40_41xxx.o(.text)
    UART4_IRQHandler                         0x0800c22f   Thumb Code     0  startup_stm32f40_41xxx.o(.text)
    UART5_IRQHandler                         0x0800c22f   Thumb Code     0  startup_stm32f40_41xxx.o(.text)
    USART2_IRQHandler                        0x0800c22f   Thumb Code     0  startup_stm32f40_41xxx.o(.text)
    USART3_IRQHandler                        0x0800c22f   Thumb Code     0  startup_stm32f40_41xxx.o(.text)
    USART6_IRQHandler                        0x0800c22f   Thumb Code     0  startup_stm32f40_41xxx.o(.text)
    WWDG_IRQHandler                          0x0800c22f   Thumb Code     0  startup_stm32f40_41xxx.o(.text)
    __user_initial_stackheap                 0x0800c231   Thumb Code     0  startup_stm32f40_41xxx.o(.text)
    NVIC_PriorityGroupConfig                 0x0800c255   Thumb Code    10  misc.o(.text)
    NVIC_Init                                0x0800c25f   Thumb Code   106  misc.o(.text)
    NVIC_SetVectorTable                      0x0800c2c9   Thumb Code    14  misc.o(.text)
    NVIC_SystemLPConfig                      0x0800c2d7   Thumb Code    34  misc.o(.text)
    SysTick_CLKSourceConfig                  0x0800c2f9   Thumb Code    40  misc.o(.text)
    GPIO_DeInit                              0x0800c335   Thumb Code   268  stm32f4xx_gpio.o(.text)
    GPIO_Init                                0x0800c441   Thumb Code   144  stm32f4xx_gpio.o(.text)
    GPIO_StructInit                          0x0800c4d1   Thumb Code    18  stm32f4xx_gpio.o(.text)
    GPIO_PinLockConfig                       0x0800c4e3   Thumb Code    34  stm32f4xx_gpio.o(.text)
    GPIO_ReadInputDataBit                    0x0800c505   Thumb Code    18  stm32f4xx_gpio.o(.text)
    GPIO_ReadInputData                       0x0800c517   Thumb Code     8  stm32f4xx_gpio.o(.text)
    GPIO_ReadOutputDataBit                   0x0800c51f   Thumb Code    18  stm32f4xx_gpio.o(.text)
    GPIO_ReadOutputData                      0x0800c531   Thumb Code     8  stm32f4xx_gpio.o(.text)
    GPIO_SetBits                             0x0800c539   Thumb Code     4  stm32f4xx_gpio.o(.text)
    GPIO_ResetBits                           0x0800c53d   Thumb Code     4  stm32f4xx_gpio.o(.text)
    GPIO_WriteBit                            0x0800c541   Thumb Code    10  stm32f4xx_gpio.o(.text)
    GPIO_Write                               0x0800c54b   Thumb Code     4  stm32f4xx_gpio.o(.text)
    GPIO_ToggleBits                          0x0800c54f   Thumb Code     8  stm32f4xx_gpio.o(.text)
    GPIO_PinAFConfig                         0x0800c557   Thumb Code    70  stm32f4xx_gpio.o(.text)
    FSMC_NORSRAMDeInit                       0x0800c5c9   Thumb Code    54  stm32f4xx_fsmc.o(.text)
    FSMC_NORSRAMInit                         0x0800c5ff   Thumb Code   230  stm32f4xx_fsmc.o(.text)
    FSMC_NORSRAMStructInit                   0x0800c6e5   Thumb Code    48  stm32f4xx_fsmc.o(.text)
    FSMC_NORSRAMCmd                          0x0800c715   Thumb Code    46  stm32f4xx_fsmc.o(.text)
    FSMC_NANDDeInit                          0x0800c743   Thumb Code    62  stm32f4xx_fsmc.o(.text)
    FSMC_NANDInit                            0x0800c781   Thumb Code   132  stm32f4xx_fsmc.o(.text)
    FSMC_NANDStructInit                      0x0800c805   Thumb Code    54  stm32f4xx_fsmc.o(.text)
    FSMC_NANDCmd                             0x0800c83b   Thumb Code    86  stm32f4xx_fsmc.o(.text)
    FSMC_NANDECCCmd                          0x0800c891   Thumb Code    86  stm32f4xx_fsmc.o(.text)
    FSMC_GetECC                              0x0800c8e7   Thumb Code    24  stm32f4xx_fsmc.o(.text)
    FSMC_PCCARDDeInit                        0x0800c8ff   Thumb Code    36  stm32f4xx_fsmc.o(.text)
    FSMC_PCCARDInit                          0x0800c923   Thumb Code   130  stm32f4xx_fsmc.o(.text)
    FSMC_PCCARDStructInit                    0x0800c9a5   Thumb Code    60  stm32f4xx_fsmc.o(.text)
    FSMC_PCCARDCmd                           0x0800c9e1   Thumb Code    44  stm32f4xx_fsmc.o(.text)
    FSMC_ITConfig                            0x0800ca0d   Thumb Code   128  stm32f4xx_fsmc.o(.text)
    FSMC_GetFlagStatus                       0x0800ca8d   Thumb Code    54  stm32f4xx_fsmc.o(.text)
    FSMC_ClearFlag                           0x0800cac3   Thumb Code    74  stm32f4xx_fsmc.o(.text)
    FSMC_GetITStatus                         0x0800cb0d   Thumb Code    62  stm32f4xx_fsmc.o(.text)
    FSMC_ClearITPendingBit                   0x0800cb4b   Thumb Code    66  stm32f4xx_fsmc.o(.text)
    RCC_DeInit                               0x0800cb91   Thumb Code    82  stm32f4xx_rcc.o(.text)
    RCC_HSEConfig                            0x0800cbe3   Thumb Code    14  stm32f4xx_rcc.o(.text)
    RCC_GetFlagStatus                        0x0800cbf1   Thumb Code    60  stm32f4xx_rcc.o(.text)
    RCC_WaitForHSEStartUp                    0x0800cc2d   Thumb Code    56  stm32f4xx_rcc.o(.text)
    RCC_AdjustHSICalibrationValue            0x0800cc65   Thumb Code    20  stm32f4xx_rcc.o(.text)
    RCC_HSICmd                               0x0800cc79   Thumb Code     6  stm32f4xx_rcc.o(.text)
    RCC_LSEConfig                            0x0800cc7f   Thumb Code    46  stm32f4xx_rcc.o(.text)
    RCC_LSICmd                               0x0800ccad   Thumb Code     6  stm32f4xx_rcc.o(.text)
    RCC_PLLConfig                            0x0800ccb3   Thumb Code    32  stm32f4xx_rcc.o(.text)
    RCC_PLLCmd                               0x0800ccd3   Thumb Code     6  stm32f4xx_rcc.o(.text)
    RCC_PLLI2SConfig                         0x0800ccd9   Thumb Code    14  stm32f4xx_rcc.o(.text)
    RCC_PLLI2SCmd                            0x0800cce7   Thumb Code     6  stm32f4xx_rcc.o(.text)
    RCC_PLLSAIConfig                         0x0800cced   Thumb Code    20  stm32f4xx_rcc.o(.text)
    RCC_PLLSAICmd                            0x0800cd01   Thumb Code     6  stm32f4xx_rcc.o(.text)
    RCC_ClockSecuritySystemCmd               0x0800cd07   Thumb Code     6  stm32f4xx_rcc.o(.text)
    RCC_MCO1Config                           0x0800cd0d   Thumb Code    28  stm32f4xx_rcc.o(.text)
    RCC_MCO2Config                           0x0800cd29   Thumb Code    28  stm32f4xx_rcc.o(.text)
    RCC_SYSCLKConfig                         0x0800cd45   Thumb Code    20  stm32f4xx_rcc.o(.text)
    RCC_GetSYSCLKSource                      0x0800cd59   Thumb Code    12  stm32f4xx_rcc.o(.text)
    RCC_HCLKConfig                           0x0800cd65   Thumb Code    20  stm32f4xx_rcc.o(.text)
    RCC_PCLK1Config                          0x0800cd79   Thumb Code    20  stm32f4xx_rcc.o(.text)
    RCC_PCLK2Config                          0x0800cd8d   Thumb Code    22  stm32f4xx_rcc.o(.text)
    RCC_GetClocksFreq                        0x0800cda3   Thumb Code   222  stm32f4xx_rcc.o(.text)
    RCC_RTCCLKConfig                         0x0800ce81   Thumb Code    54  stm32f4xx_rcc.o(.text)
    RCC_RTCCLKCmd                            0x0800ceb7   Thumb Code     8  stm32f4xx_rcc.o(.text)
    RCC_BackupResetCmd                       0x0800cebf   Thumb Code     8  stm32f4xx_rcc.o(.text)
    RCC_I2SCLKConfig                         0x0800cec7   Thumb Code     6  stm32f4xx_rcc.o(.text)
    RCC_SAIPLLI2SClkDivConfig                0x0800cecd   Thumb Code    26  stm32f4xx_rcc.o(.text)
    RCC_SAIPLLSAIClkDivConfig                0x0800cee7   Thumb Code    28  stm32f4xx_rcc.o(.text)
    RCC_SAIBlockACLKConfig                   0x0800cf03   Thumb Code    20  stm32f4xx_rcc.o(.text)
    RCC_SAIBlockBCLKConfig                   0x0800cf17   Thumb Code    20  stm32f4xx_rcc.o(.text)
    RCC_LTDCCLKDivConfig                     0x0800cf2b   Thumb Code    20  stm32f4xx_rcc.o(.text)
    RCC_TIMCLKPresConfig                     0x0800cf3f   Thumb Code     6  stm32f4xx_rcc.o(.text)
    RCC_AHB1PeriphClockCmd                   0x0800cf45   Thumb Code    34  stm32f4xx_rcc.o(.text)
    RCC_AHB2PeriphClockCmd                   0x0800cf67   Thumb Code    78  stm32f4xx_rcc.o(.text)
    RCC_AHB3PeriphClockCmd                   0x0800cfb5   Thumb Code    34  stm32f4xx_rcc.o(.text)
    RCC_APB1PeriphClockCmd                   0x0800cfd7   Thumb Code    34  stm32f4xx_rcc.o(.text)
    RCC_APB2PeriphClockCmd                   0x0800cff9   Thumb Code    34  stm32f4xx_rcc.o(.text)
    RCC_AHB1PeriphResetCmd                   0x0800d01b   Thumb Code    34  stm32f4xx_rcc.o(.text)
    RCC_AHB2PeriphResetCmd                   0x0800d03d   Thumb Code    34  stm32f4xx_rcc.o(.text)
    RCC_AHB3PeriphResetCmd                   0x0800d05f   Thumb Code    34  stm32f4xx_rcc.o(.text)
    RCC_APB1PeriphResetCmd                   0x0800d081   Thumb Code    34  stm32f4xx_rcc.o(.text)
    RCC_APB2PeriphResetCmd                   0x0800d0a3   Thumb Code    34  stm32f4xx_rcc.o(.text)
    RCC_AHB1PeriphClockLPModeCmd             0x0800d0c5   Thumb Code    34  stm32f4xx_rcc.o(.text)
    RCC_AHB2PeriphClockLPModeCmd             0x0800d0e7   Thumb Code    34  stm32f4xx_rcc.o(.text)
    RCC_AHB3PeriphClockLPModeCmd             0x0800d109   Thumb Code    34  stm32f4xx_rcc.o(.text)
    RCC_APB1PeriphClockLPModeCmd             0x0800d12b   Thumb Code    34  stm32f4xx_rcc.o(.text)
    RCC_APB2PeriphClockLPModeCmd             0x0800d14d   Thumb Code    34  stm32f4xx_rcc.o(.text)
    RCC_LSEModeConfig                        0x0800d16f   Thumb Code    40  stm32f4xx_rcc.o(.text)
    RCC_ITConfig                             0x0800d197   Thumb Code    34  stm32f4xx_rcc.o(.text)
    RCC_ClearFlag                            0x0800d1b9   Thumb Code    18  stm32f4xx_rcc.o(.text)
    RCC_GetITStatus                          0x0800d1cb   Thumb Code    22  stm32f4xx_rcc.o(.text)
    RCC_ClearITPendingBit                    0x0800d1e1   Thumb Code     8  stm32f4xx_rcc.o(.text)
    SYSCFG_DeInit                            0x0800d1ed   Thumb Code    22  stm32f4xx_syscfg.o(.text)
    SYSCFG_MemoryRemapConfig                 0x0800d203   Thumb Code     6  stm32f4xx_syscfg.o(.text)
    SYSCFG_MemorySwappingBank                0x0800d209   Thumb Code     6  stm32f4xx_syscfg.o(.text)
    SYSCFG_EXTILineConfig                    0x0800d20f   Thumb Code    66  stm32f4xx_syscfg.o(.text)
    SYSCFG_ETH_MediaInterfaceConfig          0x0800d251   Thumb Code     8  stm32f4xx_syscfg.o(.text)
    SYSCFG_CompensationCellCmd               0x0800d259   Thumb Code     6  stm32f4xx_syscfg.o(.text)
    SYSCFG_GetCompensationCellStatus         0x0800d25f   Thumb Code    22  stm32f4xx_syscfg.o(.text)
    USART_DeInit                             0x0800d281   Thumb Code   206  stm32f4xx_usart.o(.text)
    USART_Init                               0x0800d34f   Thumb Code   204  stm32f4xx_usart.o(.text)
    USART_StructInit                         0x0800d41b   Thumb Code    24  stm32f4xx_usart.o(.text)
    USART_ClockInit                          0x0800d433   Thumb Code    32  stm32f4xx_usart.o(.text)
    USART_ClockStructInit                    0x0800d453   Thumb Code    12  stm32f4xx_usart.o(.text)
    USART_Cmd                                0x0800d45f   Thumb Code    24  stm32f4xx_usart.o(.text)
    USART_SetPrescaler                       0x0800d477   Thumb Code    16  stm32f4xx_usart.o(.text)
    USART_OverSampling8Cmd                   0x0800d487   Thumb Code    22  stm32f4xx_usart.o(.text)
    USART_OneBitMethodCmd                    0x0800d49d   Thumb Code    24  stm32f4xx_usart.o(.text)
    USART_SendData                           0x0800d4b5   Thumb Code     8  stm32f4xx_usart.o(.text)
    USART_ReceiveData                        0x0800d4bd   Thumb Code    10  stm32f4xx_usart.o(.text)
    USART_SetAddress                         0x0800d4c7   Thumb Code    18  stm32f4xx_usart.o(.text)
    USART_ReceiverWakeUpCmd                  0x0800d4d9   Thumb Code    24  stm32f4xx_usart.o(.text)
    USART_WakeUpConfig                       0x0800d4f1   Thumb Code    18  stm32f4xx_usart.o(.text)
    USART_LINBreakDetectLengthConfig         0x0800d503   Thumb Code    18  stm32f4xx_usart.o(.text)
    USART_LINCmd                             0x0800d515   Thumb Code    24  stm32f4xx_usart.o(.text)
    USART_SendBreak                          0x0800d52d   Thumb Code    10  stm32f4xx_usart.o(.text)
    USART_HalfDuplexCmd                      0x0800d537   Thumb Code    24  stm32f4xx_usart.o(.text)
    USART_SetGuardTime                       0x0800d54f   Thumb Code    16  stm32f4xx_usart.o(.text)
    USART_SmartCardCmd                       0x0800d55f   Thumb Code    24  stm32f4xx_usart.o(.text)
    USART_SmartCardNACKCmd                   0x0800d577   Thumb Code    24  stm32f4xx_usart.o(.text)
    USART_IrDAConfig                         0x0800d58f   Thumb Code    18  stm32f4xx_usart.o(.text)
    USART_IrDACmd                            0x0800d5a1   Thumb Code    24  stm32f4xx_usart.o(.text)
    USART_DMACmd                             0x0800d5b9   Thumb Code    18  stm32f4xx_usart.o(.text)
    USART_ITConfig                           0x0800d5cb   Thumb Code    74  stm32f4xx_usart.o(.text)
    USART_GetFlagStatus                      0x0800d615   Thumb Code    26  stm32f4xx_usart.o(.text)
    USART_ClearFlag                          0x0800d62f   Thumb Code    18  stm32f4xx_usart.o(.text)
    USART_GetITStatus                        0x0800d641   Thumb Code   118  stm32f4xx_usart.o(.text)
    USART_ClearITPendingBit                  0x0800d6b7   Thumb Code    30  stm32f4xx_usart.o(.text)
    RTC_WaitForSynchro                       0x0800d6d5   Thumb Code    92  stm32f4xx_rtc.o(.text)
    RTC_EnterInitMode                        0x0800d731   Thumb Code    84  stm32f4xx_rtc.o(.text)
    RTC_DeInit                               0x0800d785   Thumb Code   204  stm32f4xx_rtc.o(.text)
    RTC_ExitInitMode                         0x0800d851   Thumb Code    18  stm32f4xx_rtc.o(.text)
    RTC_Init                                 0x0800d863   Thumb Code    94  stm32f4xx_rtc.o(.text)
    RTC_StructInit                           0x0800d8c1   Thumb Code    14  stm32f4xx_rtc.o(.text)
    RTC_WriteProtectionCmd                   0x0800d8cf   Thumb Code    22  stm32f4xx_rtc.o(.text)
    RTC_RefClockCmd                          0x0800d8e5   Thumb Code    76  stm32f4xx_rtc.o(.text)
    RTC_BypassShadowCmd                      0x0800d931   Thumb Code    54  stm32f4xx_rtc.o(.text)
    RTC_SetTime                              0x0800d999   Thumb Code   200  stm32f4xx_rtc.o(.text)
    RTC_TimeStructInit                       0x0800da61   Thumb Code    12  stm32f4xx_rtc.o(.text)
    RTC_GetTime                              0x0800da6d   Thumb Code    74  stm32f4xx_rtc.o(.text)
    RTC_GetSubSecond                         0x0800dab7   Thumb Code    30  stm32f4xx_rtc.o(.text)
    RTC_SetDate                              0x0800dad5   Thumb Code   190  stm32f4xx_rtc.o(.text)
    RTC_DateStructInit                       0x0800db93   Thumb Code    14  stm32f4xx_rtc.o(.text)
    RTC_GetDate                              0x0800dba1   Thumb Code    70  stm32f4xx_rtc.o(.text)
    RTC_SetAlarm                             0x0800dbe7   Thumb Code   230  stm32f4xx_rtc.o(.text)
    RTC_AlarmStructInit                      0x0800dccd   Thumb Code    22  stm32f4xx_rtc.o(.text)
    RTC_GetAlarm                             0x0800dce3   Thumb Code   114  stm32f4xx_rtc.o(.text)
    RTC_AlarmCmd                             0x0800dd55   Thumb Code   112  stm32f4xx_rtc.o(.text)
    RTC_AlarmSubSecondConfig                 0x0800ddc5   Thumb Code    46  stm32f4xx_rtc.o(.text)
    RTC_GetAlarmSubSecond                    0x0800ddf3   Thumb Code    34  stm32f4xx_rtc.o(.text)
    RTC_WakeUpClockConfig                    0x0800de15   Thumb Code    42  stm32f4xx_rtc.o(.text)
    RTC_SetWakeUpCounter                     0x0800de3f   Thumb Code    22  stm32f4xx_rtc.o(.text)
    RTC_GetWakeUpCounter                     0x0800de55   Thumb Code    10  stm32f4xx_rtc.o(.text)
    RTC_WakeUpCmd                            0x0800de5f   Thumb Code   116  stm32f4xx_rtc.o(.text)
    RTC_DayLightSavingConfig                 0x0800ded3   Thumb Code    50  stm32f4xx_rtc.o(.text)
    RTC_GetStoreOperation                    0x0800df05   Thumb Code    12  stm32f4xx_rtc.o(.text)
    RTC_OutputConfig                         0x0800df11   Thumb Code    60  stm32f4xx_rtc.o(.text)
    RTC_CoarseCalibConfig                    0x0800df4d   Thumb Code    52  stm32f4xx_rtc.o(.text)
    RTC_CoarseCalibCmd                       0x0800df81   Thumb Code    76  stm32f4xx_rtc.o(.text)
    RTC_CalibOutputCmd                       0x0800dfcd   Thumb Code    54  stm32f4xx_rtc.o(.text)
    RTC_CalibOutputConfig                    0x0800e003   Thumb Code    42  stm32f4xx_rtc.o(.text)
    RTC_SmoothCalibConfig                    0x0800e02d   Thumb Code    90  stm32f4xx_rtc.o(.text)
    RTC_TimeStampCmd                         0x0800e087   Thumb Code    54  stm32f4xx_rtc.o(.text)
    RTC_GetTimeStamp                         0x0800e0bd   Thumb Code   144  stm32f4xx_rtc.o(.text)
    RTC_GetTimeStampSubSecond                0x0800e14d   Thumb Code     8  stm32f4xx_rtc.o(.text)
    RTC_TamperTriggerConfig                  0x0800e155   Thumb Code    38  stm32f4xx_rtc.o(.text)
    RTC_TamperCmd                            0x0800e17b   Thumb Code    34  stm32f4xx_rtc.o(.text)
    RTC_TamperFilterConfig                   0x0800e19d   Thumb Code    26  stm32f4xx_rtc.o(.text)
    RTC_TamperSamplingFreqConfig             0x0800e1b7   Thumb Code    26  stm32f4xx_rtc.o(.text)
    RTC_TamperPinsPrechargeDuration          0x0800e1d1   Thumb Code    26  stm32f4xx_rtc.o(.text)
    RTC_TimeStampOnTamperDetectionCmd        0x0800e1eb   Thumb Code    38  stm32f4xx_rtc.o(.text)
    RTC_TamperPullUpCmd                      0x0800e211   Thumb Code    38  stm32f4xx_rtc.o(.text)
    RTC_WriteBackupRegister                  0x0800e237   Thumb Code    26  stm32f4xx_rtc.o(.text)
    RTC_ReadBackupRegister                   0x0800e251   Thumb Code    28  stm32f4xx_rtc.o(.text)
    RTC_TamperPinSelection                   0x0800e26d   Thumb Code    26  stm32f4xx_rtc.o(.text)
    RTC_TimeStampPinSelection                0x0800e287   Thumb Code    26  stm32f4xx_rtc.o(.text)
    RTC_OutputTypeConfig                     0x0800e2a1   Thumb Code    26  stm32f4xx_rtc.o(.text)
    RTC_SynchroShiftConfig                   0x0800e2bb   Thumb Code   130  stm32f4xx_rtc.o(.text)
    RTC_ITConfig                             0x0800e33d   Thumb Code    94  stm32f4xx_rtc.o(.text)
    RTC_GetFlagStatus                        0x0800e39b   Thumb Code    34  stm32f4xx_rtc.o(.text)
    RTC_ClearFlag                            0x0800e3bd   Thumb Code    28  stm32f4xx_rtc.o(.text)
    RTC_GetITStatus                          0x0800e3d9   Thumb Code    60  stm32f4xx_rtc.o(.text)
    RTC_ClearITPendingBit                    0x0800e415   Thumb Code    32  stm32f4xx_rtc.o(.text)
    TIM_DeInit                               0x0800e43d   Thumb Code   346  stm32f4xx_tim.o(.text)
    TIM_TimeBaseInit                         0x0800e597   Thumb Code   104  stm32f4xx_tim.o(.text)
    TIM_TimeBaseStructInit                   0x0800e5ff   Thumb Code    18  stm32f4xx_tim.o(.text)
    TIM_PrescalerConfig                      0x0800e611   Thumb Code     6  stm32f4xx_tim.o(.text)
    TIM_CounterModeConfig                    0x0800e617   Thumb Code    18  stm32f4xx_tim.o(.text)
    TIM_SetCounter                           0x0800e629   Thumb Code     4  stm32f4xx_tim.o(.text)
    TIM_SetAutoreload                        0x0800e62d   Thumb Code     4  stm32f4xx_tim.o(.text)
    TIM_GetCounter                           0x0800e631   Thumb Code     6  stm32f4xx_tim.o(.text)
    TIM_GetPrescaler                         0x0800e637   Thumb Code     6  stm32f4xx_tim.o(.text)
    TIM_UpdateDisableConfig                  0x0800e63d   Thumb Code    24  stm32f4xx_tim.o(.text)
    TIM_UpdateRequestConfig                  0x0800e655   Thumb Code    24  stm32f4xx_tim.o(.text)
    TIM_ARRPreloadConfig                     0x0800e66d   Thumb Code    24  stm32f4xx_tim.o(.text)
    TIM_SelectOnePulseMode                   0x0800e685   Thumb Code    18  stm32f4xx_tim.o(.text)
    TIM_SetClockDivision                     0x0800e697   Thumb Code    18  stm32f4xx_tim.o(.text)
    TIM_Cmd                                  0x0800e6a9   Thumb Code    24  stm32f4xx_tim.o(.text)
    TIM_OC1Init                              0x0800e6c1   Thumb Code   114  stm32f4xx_tim.o(.text)
    TIM_OC2Init                              0x0800e733   Thumb Code   154  stm32f4xx_tim.o(.text)
    TIM_OC3Init                              0x0800e7cd   Thumb Code   204  stm32f4xx_tim.o(.text)
    TIM_OC4Init                              0x0800e899   Thumb Code   112  stm32f4xx_tim.o(.text)
    TIM_OCStructInit                         0x0800e909   Thumb Code    20  stm32f4xx_tim.o(.text)
    TIM_SelectOCxM                           0x0800e91d   Thumb Code    86  stm32f4xx_tim.o(.text)
    TIM_SetCompare1                          0x0800e973   Thumb Code     4  stm32f4xx_tim.o(.text)
    TIM_SetCompare2                          0x0800e977   Thumb Code     4  stm32f4xx_tim.o(.text)
    TIM_SetCompare3                          0x0800e97b   Thumb Code     4  stm32f4xx_tim.o(.text)
    TIM_SetCompare4                          0x0800e97f   Thumb Code     4  stm32f4xx_tim.o(.text)
    TIM_ForcedOC1Config                      0x0800e983   Thumb Code    18  stm32f4xx_tim.o(.text)
    TIM_ForcedOC2Config                      0x0800e995   Thumb Code    26  stm32f4xx_tim.o(.text)
    TIM_ForcedOC3Config                      0x0800e9af   Thumb Code    18  stm32f4xx_tim.o(.text)
    TIM_ForcedOC4Config                      0x0800e9c1   Thumb Code    26  stm32f4xx_tim.o(.text)
    TIM_OC1PreloadConfig                     0x0800e9db   Thumb Code    18  stm32f4xx_tim.o(.text)
    TIM_OC2PreloadConfig                     0x0800e9ed   Thumb Code    26  stm32f4xx_tim.o(.text)
    TIM_OC3PreloadConfig                     0x0800ea07   Thumb Code    18  stm32f4xx_tim.o(.text)
    TIM_OC4PreloadConfig                     0x0800ea19   Thumb Code    26  stm32f4xx_tim.o(.text)
    TIM_OC1FastConfig                        0x0800ea33   Thumb Code    18  stm32f4xx_tim.o(.text)
    TIM_OC2FastConfig                        0x0800ea45   Thumb Code    26  stm32f4xx_tim.o(.text)
    TIM_OC3FastConfig                        0x0800ea5f   Thumb Code    18  stm32f4xx_tim.o(.text)
    TIM_OC4FastConfig                        0x0800ea71   Thumb Code    26  stm32f4xx_tim.o(.text)
    TIM_ClearOC1Ref                          0x0800ea8b   Thumb Code    18  stm32f4xx_tim.o(.text)
    TIM_ClearOC2Ref                          0x0800ea9d   Thumb Code    24  stm32f4xx_tim.o(.text)
    TIM_ClearOC3Ref                          0x0800eab5   Thumb Code    18  stm32f4xx_tim.o(.text)
    TIM_ClearOC4Ref                          0x0800eac7   Thumb Code    24  stm32f4xx_tim.o(.text)
    TIM_OC1PolarityConfig                    0x0800eadf   Thumb Code    18  stm32f4xx_tim.o(.text)
    TIM_OC1NPolarityConfig                   0x0800eaf1   Thumb Code    18  stm32f4xx_tim.o(.text)
    TIM_OC2PolarityConfig                    0x0800eb03   Thumb Code    26  stm32f4xx_tim.o(.text)
    TIM_OC2NPolarityConfig                   0x0800eb1d   Thumb Code    26  stm32f4xx_tim.o(.text)
    TIM_OC3PolarityConfig                    0x0800eb37   Thumb Code    26  stm32f4xx_tim.o(.text)
    TIM_OC3NPolarityConfig                   0x0800eb51   Thumb Code    26  stm32f4xx_tim.o(.text)
    TIM_OC4PolarityConfig                    0x0800eb6b   Thumb Code    26  stm32f4xx_tim.o(.text)
    TIM_CCxCmd                               0x0800eb85   Thumb Code    30  stm32f4xx_tim.o(.text)
    TIM_CCxNCmd                              0x0800eba3   Thumb Code    30  stm32f4xx_tim.o(.text)
    TIM_SetIC4Prescaler                      0x0800ebc1   Thumb Code    26  stm32f4xx_tim.o(.text)
    TIM_SetIC3Prescaler                      0x0800ec2b   Thumb Code    18  stm32f4xx_tim.o(.text)
    TIM_SetIC2Prescaler                      0x0800ec85   Thumb Code    26  stm32f4xx_tim.o(.text)
    TIM_SetIC1Prescaler                      0x0800ecf9   Thumb Code    18  stm32f4xx_tim.o(.text)
    TIM_ICInit                               0x0800ed45   Thumb Code   110  stm32f4xx_tim.o(.text)
    TIM_ICStructInit                         0x0800edb3   Thumb Code    18  stm32f4xx_tim.o(.text)
    TIM_PWMIConfig                           0x0800edc5   Thumb Code   124  stm32f4xx_tim.o(.text)
    TIM_GetCapture1                          0x0800ee41   Thumb Code     6  stm32f4xx_tim.o(.text)
    TIM_GetCapture2                          0x0800ee47   Thumb Code     6  stm32f4xx_tim.o(.text)
    TIM_GetCapture3                          0x0800ee4d   Thumb Code     6  stm32f4xx_tim.o(.text)
    TIM_GetCapture4                          0x0800ee53   Thumb Code     6  stm32f4xx_tim.o(.text)
    TIM_BDTRConfig                           0x0800ee59   Thumb Code    32  stm32f4xx_tim.o(.text)
    TIM_BDTRStructInit                       0x0800ee79   Thumb Code    18  stm32f4xx_tim.o(.text)
    TIM_CtrlPWMOutputs                       0x0800ee8b   Thumb Code    30  stm32f4xx_tim.o(.text)
    TIM_SelectCOM                            0x0800eea9   Thumb Code    24  stm32f4xx_tim.o(.text)
    TIM_CCPreloadControl                     0x0800eec1   Thumb Code    24  stm32f4xx_tim.o(.text)
    TIM_ITConfig                             0x0800eed9   Thumb Code    18  stm32f4xx_tim.o(.text)
    TIM_GenerateEvent                        0x0800eeeb   Thumb Code     4  stm32f4xx_tim.o(.text)
    TIM_GetFlagStatus                        0x0800eeef   Thumb Code    18  stm32f4xx_tim.o(.text)
    TIM_ClearFlag                            0x0800ef01   Thumb Code     6  stm32f4xx_tim.o(.text)
    TIM_GetITStatus                          0x0800ef07   Thumb Code    34  stm32f4xx_tim.o(.text)
    TIM_ClearITPendingBit                    0x0800ef29   Thumb Code     6  stm32f4xx_tim.o(.text)
    TIM_DMAConfig                            0x0800ef2f   Thumb Code    10  stm32f4xx_tim.o(.text)
    TIM_DMACmd                               0x0800ef39   Thumb Code    18  stm32f4xx_tim.o(.text)
    TIM_SelectCCDMA                          0x0800ef4b   Thumb Code    24  stm32f4xx_tim.o(.text)
    TIM_InternalClockConfig                  0x0800ef63   Thumb Code    12  stm32f4xx_tim.o(.text)
    TIM_SelectInputTrigger                   0x0800ef6f   Thumb Code    18  stm32f4xx_tim.o(.text)
    TIM_ITRxExternalClockConfig              0x0800ef81   Thumb Code    24  stm32f4xx_tim.o(.text)
    TIM_TIxExternalClockConfig               0x0800ef99   Thumb Code    62  stm32f4xx_tim.o(.text)
    TIM_ETRConfig                            0x0800efd7   Thumb Code    28  stm32f4xx_tim.o(.text)
    TIM_ETRClockMode1Config                  0x0800eff3   Thumb Code    54  stm32f4xx_tim.o(.text)
    TIM_ETRClockMode2Config                  0x0800f029   Thumb Code    32  stm32f4xx_tim.o(.text)
    TIM_SelectOutputTrigger                  0x0800f049   Thumb Code    18  stm32f4xx_tim.o(.text)
    TIM_SelectSlaveMode                      0x0800f05b   Thumb Code    18  stm32f4xx_tim.o(.text)
    TIM_SelectMasterSlaveMode                0x0800f06d   Thumb Code    18  stm32f4xx_tim.o(.text)
    TIM_EncoderInterfaceConfig               0x0800f07f   Thumb Code    66  stm32f4xx_tim.o(.text)
    TIM_SelectHallSensor                     0x0800f0c1   Thumb Code    24  stm32f4xx_tim.o(.text)
    TIM_RemapConfig                          0x0800f0d9   Thumb Code     6  stm32f4xx_tim.o(.text)
    EXTI_DeInit                              0x0800f0e1   Thumb Code    28  stm32f4xx_exti.o(.text)
    EXTI_Init                                0x0800f0fd   Thumb Code   142  stm32f4xx_exti.o(.text)
    EXTI_StructInit                          0x0800f18b   Thumb Code    16  stm32f4xx_exti.o(.text)
    EXTI_GenerateSWInterrupt                 0x0800f19b   Thumb Code    16  stm32f4xx_exti.o(.text)
    EXTI_GetFlagStatus                       0x0800f1ab   Thumb Code    22  stm32f4xx_exti.o(.text)
    EXTI_ClearFlag                           0x0800f1c1   Thumb Code     8  stm32f4xx_exti.o(.text)
    EXTI_GetITStatus                         0x0800f1c9   Thumb Code    22  stm32f4xx_exti.o(.text)
    EXTI_ClearITPendingBit                   0x0800f1df   Thumb Code     8  stm32f4xx_exti.o(.text)
    PWR_DeInit                               0x0800f1f1   Thumb Code    22  stm32f4xx_pwr.o(.text)
    PWR_BackupAccessCmd                      0x0800f207   Thumb Code     6  stm32f4xx_pwr.o(.text)
    PWR_PVDLevelConfig                       0x0800f20d   Thumb Code    18  stm32f4xx_pwr.o(.text)
    PWR_PVDCmd                               0x0800f21f   Thumb Code     6  stm32f4xx_pwr.o(.text)
    PWR_WakeUpPinCmd                         0x0800f225   Thumb Code     8  stm32f4xx_pwr.o(.text)
    PWR_BackupRegulatorCmd                   0x0800f22d   Thumb Code     8  stm32f4xx_pwr.o(.text)
    PWR_MainRegulatorModeConfig              0x0800f235   Thumb Code    18  stm32f4xx_pwr.o(.text)
    PWR_OverDriveCmd                         0x0800f247   Thumb Code     6  stm32f4xx_pwr.o(.text)
    PWR_OverDriveSWCmd                       0x0800f24d   Thumb Code     6  stm32f4xx_pwr.o(.text)
    PWR_UnderDriveCmd                        0x0800f253   Thumb Code    30  stm32f4xx_pwr.o(.text)
    PWR_MainRegulatorLowVoltageCmd           0x0800f271   Thumb Code    18  stm32f4xx_pwr.o(.text)
    PWR_LowRegulatorLowVoltageCmd            0x0800f283   Thumb Code    18  stm32f4xx_pwr.o(.text)
    PWR_FlashPowerDownCmd                    0x0800f295   Thumb Code     6  stm32f4xx_pwr.o(.text)
    PWR_EnterSTOPMode                        0x0800f29b   Thumb Code    58  stm32f4xx_pwr.o(.text)
    PWR_EnterUnderDriveSTOPMode              0x0800f2d5   Thumb Code    58  stm32f4xx_pwr.o(.text)
    PWR_EnterSTANDBYMode                     0x0800f30f   Thumb Code    32  stm32f4xx_pwr.o(.text)
    PWR_GetFlagStatus                        0x0800f32f   Thumb Code    20  stm32f4xx_pwr.o(.text)
    PWR_ClearFlag                            0x0800f343   Thumb Code    14  stm32f4xx_pwr.o(.text)
    ADC_DeInit                               0x0800f35d   Thumb Code    22  stm32f4xx_adc.o(.text)
    ADC_Init                                 0x0800f373   Thumb Code    74  stm32f4xx_adc.o(.text)
    ADC_StructInit                           0x0800f3bd   Thumb Code    20  stm32f4xx_adc.o(.text)
    ADC_CommonInit                           0x0800f3d1   Thumb Code    34  stm32f4xx_adc.o(.text)
    ADC_CommonStructInit                     0x0800f3f3   Thumb Code    12  stm32f4xx_adc.o(.text)
    ADC_Cmd                                  0x0800f3ff   Thumb Code    22  stm32f4xx_adc.o(.text)
    ADC_AnalogWatchdogCmd                    0x0800f415   Thumb Code    16  stm32f4xx_adc.o(.text)
    ADC_AnalogWatchdogThresholdsConfig       0x0800f425   Thumb Code     6  stm32f4xx_adc.o(.text)
    ADC_AnalogWatchdogSingleChannelConfig    0x0800f42b   Thumb Code    16  stm32f4xx_adc.o(.text)
    ADC_TempSensorVrefintCmd                 0x0800f43b   Thumb Code    34  stm32f4xx_adc.o(.text)
    ADC_VBATCmd                              0x0800f45d   Thumb Code    34  stm32f4xx_adc.o(.text)
    ADC_RegularChannelConfig                 0x0800f47f   Thumb Code   184  stm32f4xx_adc.o(.text)
    ADC_SoftwareStartConv                    0x0800f537   Thumb Code    10  stm32f4xx_adc.o(.text)
    ADC_GetSoftwareStartConvStatus           0x0800f541   Thumb Code    20  stm32f4xx_adc.o(.text)
    ADC_EOCOnEachRegularChannelCmd           0x0800f555   Thumb Code    22  stm32f4xx_adc.o(.text)
    ADC_ContinuousModeCmd                    0x0800f56b   Thumb Code    22  stm32f4xx_adc.o(.text)
    ADC_DiscModeChannelCountConfig           0x0800f581   Thumb Code    24  stm32f4xx_adc.o(.text)
    ADC_DiscModeCmd                          0x0800f599   Thumb Code    22  stm32f4xx_adc.o(.text)
    ADC_GetConversionValue                   0x0800f5af   Thumb Code     8  stm32f4xx_adc.o(.text)
    ADC_GetMultiModeConversionValue          0x0800f5b7   Thumb Code     8  stm32f4xx_adc.o(.text)
    ADC_DMACmd                               0x0800f5bf   Thumb Code    22  stm32f4xx_adc.o(.text)
    ADC_DMARequestAfterLastTransferCmd       0x0800f5d5   Thumb Code    22  stm32f4xx_adc.o(.text)
    ADC_MultiModeDMARequestAfterLastTransferCmd 0x0800f5eb   Thumb Code    34  stm32f4xx_adc.o(.text)
    ADC_InjectedChannelConfig                0x0800f60d   Thumb Code   130  stm32f4xx_adc.o(.text)
    ADC_InjectedSequencerLengthConfig        0x0800f68f   Thumb Code    24  stm32f4xx_adc.o(.text)
    ADC_SetInjectedOffset                    0x0800f6a7   Thumb Code    20  stm32f4xx_adc.o(.text)
    ADC_ExternalTrigInjectedConvConfig       0x0800f6bb   Thumb Code    16  stm32f4xx_adc.o(.text)
    ADC_ExternalTrigInjectedConvEdgeConfig   0x0800f6cb   Thumb Code    16  stm32f4xx_adc.o(.text)
    ADC_SoftwareStartInjectedConv            0x0800f6db   Thumb Code    10  stm32f4xx_adc.o(.text)
    ADC_GetSoftwareStartInjectedConvCmdStatus 0x0800f6e5   Thumb Code    20  stm32f4xx_adc.o(.text)
    ADC_AutoInjectedConvCmd                  0x0800f6f9   Thumb Code    22  stm32f4xx_adc.o(.text)
    ADC_InjectedDiscModeCmd                  0x0800f70f   Thumb Code    22  stm32f4xx_adc.o(.text)
    ADC_GetInjectedConversionValue           0x0800f725   Thumb Code    28  stm32f4xx_adc.o(.text)
    ADC_ITConfig                             0x0800f741   Thumb Code    56  stm32f4xx_adc.o(.text)
    ADC_GetFlagStatus                        0x0800f779   Thumb Code    18  stm32f4xx_adc.o(.text)
    ADC_ClearFlag                            0x0800f78b   Thumb Code     6  stm32f4xx_adc.o(.text)
    ADC_GetITStatus                          0x0800f791   Thumb Code    38  stm32f4xx_adc.o(.text)
    ADC_ClearITPendingBit                    0x0800f7b7   Thumb Code    10  stm32f4xx_adc.o(.text)
    usmart_sys_cmd_exe                       0x0800f7c1   Thumb Code  1554  usmart.o(.text)
    usmart_reset_runtime                     0x0800fdd3   Thumb Code    38  usmart.o(.text)
    usmart_get_runtime                       0x0800fdf9   Thumb Code    60  usmart.o(.text)
    TIM4_IRQHandler                          0x0800fe35   Thumb Code    46  usmart.o(.text)
    Timer4_Init                              0x0800fe63   Thumb Code    86  usmart.o(.text)
    usmart_init                              0x0800feb9   Thumb Code    36  usmart.o(.text)
    usmart_cmd_rec                           0x0800fedd   Thumb Code   170  usmart.o(.text)
    usmart_exe                               0x0800ff87   Thumb Code   868  usmart.o(.text)
    usmart_scan                              0x080102eb   Thumb Code   120  usmart.o(.text)
    read_addr                                0x08010363   Thumb Code     6  usmart.o(.text)
    write_addr                               0x08010369   Thumb Code     4  usmart.o(.text)
    usmart_strcmp                            0x080103f5   Thumb Code    34  usmart_str.o(.text)
    usmart_strcopy                           0x08010417   Thumb Code    22  usmart_str.o(.text)
    usmart_strlen                            0x0801042d   Thumb Code    24  usmart_str.o(.text)
    usmart_pow                               0x08010445   Thumb Code    22  usmart_str.o(.text)
    usmart_str2num                           0x0801045b   Thumb Code   202  usmart_str.o(.text)
    usmart_get_cmdname                       0x08010525   Thumb Code    54  usmart_str.o(.text)
    usmart_search_nextc                      0x0801055b   Thumb Code    22  usmart_str.o(.text)
    usmart_get_fname                         0x08010571   Thumb Code   440  usmart_str.o(.text)
    usmart_get_aparm                         0x08010729   Thumb Code   200  usmart_str.o(.text)
    usmart_get_parmpos                       0x080107f1   Thumb Code    26  usmart_str.o(.text)
    usmart_get_fparam                        0x0801080b   Thumb Code   262  usmart_str.o(.text)
    __use_no_semihosting                     0x0801091d   Thumb Code     2  use_no_semi_2.o(.text)
    __2printf                                0x08010921   Thumb Code    20  noretval__2printf.o(.text)
    __2sprintf                               0x08010939   Thumb Code    34  noretval__2sprintf.o(.text)
    _printf_pre_padding                      0x08010961   Thumb Code    44  _printf_pad.o(.text)
    _printf_post_padding                     0x0801098d   Thumb Code    34  _printf_pad.o(.text)
    _printf_str                              0x080109af   Thumb Code    82  _printf_str.o(.text)
    _printf_int_dec                          0x08010a01   Thumb Code   104  _printf_dec.o(.text)
    _printf_int_hex                          0x08010a79   Thumb Code    84  _printf_hex_int.o(.text)
    _printf_longlong_hex                     0x08010a79   Thumb Code     0  _printf_hex_int.o(.text)
    __printf                                 0x08010ad1   Thumb Code   388  __printf_flags_ss_wp.o(.text)
    strcpy                                   0x08010c59   Thumb Code    72  strcpy.o(.text)
    __aeabi_memcpy4                          0x08010ca1   Thumb Code     0  rt_memcpy_w.o(.text)
    __aeabi_memcpy8                          0x08010ca1   Thumb Code     0  rt_memcpy_w.o(.text)
    __rt_memcpy_w                            0x08010ca1   Thumb Code   100  rt_memcpy_w.o(.text)
    _memcpy_lastbytes_aligned                0x08010ce9   Thumb Code     0  rt_memcpy_w.o(.text)
    strcmp                                   0x08010d05   Thumb Code   128  strcmpv7m.o(.text)
    __use_two_region_memory                  0x08010d85   Thumb Code     2  heapauxi.o(.text)
    __rt_heap_escrow$2region                 0x08010d87   Thumb Code     2  heapauxi.o(.text)
    __rt_heap_expand$2region                 0x08010d89   Thumb Code     2  heapauxi.o(.text)
    __I$use$semihosting                      0x08010d8b   Thumb Code     0  use_no_semi.o(.text)
    __use_no_semihosting_swi                 0x08010d8b   Thumb Code     2  use_no_semi.o(.text)
    __read_errno                             0x08010d8d   Thumb Code    10  _rserrno.o(.text)
    __set_errno                              0x08010d97   Thumb Code    12  _rserrno.o(.text)
    _printf_int_common                       0x08010da3   Thumb Code   178  _printf_intcommon.o(.text)
    _printf_char_common                      0x08010e5f   Thumb Code    32  _printf_char_common.o(.text)
    _sputc                                   0x08010e85   Thumb Code    10  _sputc.o(.text)
    _printf_cs_common                        0x08010e8f   Thumb Code    20  _printf_char.o(.text)
    _printf_char                             0x08010ea3   Thumb Code    16  _printf_char.o(.text)
    _printf_string                           0x08010eb3   Thumb Code     8  _printf_char.o(.text)
    _printf_char_file                        0x08010ebd   Thumb Code    32  _printf_char_file.o(.text)
    __aeabi_errno_addr                       0x08010ee1   Thumb Code     8  rt_errno_addr_intlibspace.o(.text)
    __errno$intlibspace                      0x08010ee1   Thumb Code     0  rt_errno_addr_intlibspace.o(.text)
    __rt_errno_addr$intlibspace              0x08010ee1   Thumb Code     0  rt_errno_addr_intlibspace.o(.text)
    ferror                                   0x08010ee9   Thumb Code     8  ferror.o(.text)
    __user_libspace                          0x08010ef1   Thumb Code     8  libspace.o(.text)
    __user_perproc_libspace                  0x08010ef1   Thumb Code     0  libspace.o(.text)
    __user_perthread_libspace                0x08010ef1   Thumb Code     0  libspace.o(.text)
    __user_setup_stackheap                   0x08010ef9   Thumb Code    74  sys_stackheap_outer.o(.text)
    exit                                     0x08010f43   Thumb Code    12  exit.o(.text)
    __ARM_fpclassify                         0x08010f4f   Thumb Code    48  fpclassify.o(i.__ARM_fpclassify)
    __hardfp_cos                             0x08010f81   Thumb Code   180  cos.o(i.__hardfp_cos)
    __hardfp_sin                             0x08011049   Thumb Code   180  sin.o(i.__hardfp_sin)
    __hardfp_sqrt                            0x08011111   Thumb Code   122  sqrt.o(i.__hardfp_sqrt)
    __ieee754_rem_pio2                       0x08011191   Thumb Code   938  rred.o(i.__ieee754_rem_pio2)
    __kernel_cos                             0x080115c9   Thumb Code   322  cos_i.o(i.__kernel_cos)
    __kernel_poly                            0x08011739   Thumb Code   248  poly.o(i.__kernel_poly)
    __kernel_sin                             0x08011831   Thumb Code   280  sin_i.o(i.__kernel_sin)
    __mathlib_dbl_infnan                     0x08011961   Thumb Code    20  dunder.o(i.__mathlib_dbl_infnan)
    __mathlib_dbl_invalid                    0x08011979   Thumb Code    24  dunder.o(i.__mathlib_dbl_invalid)
    __mathlib_dbl_underflow                  0x08011999   Thumb Code    24  dunder.o(i.__mathlib_dbl_underflow)
    _is_digit                                0x080119b9   Thumb Code    14  __printf_wp.o(i._is_digit)
    fabs                                     0x080119c7   Thumb Code    24  fabs.o(i.fabs)
    __aeabi_dneg                             0x080119df   Thumb Code     0  basic.o(x$fpl$basic)
    _dneg                                    0x080119df   Thumb Code     6  basic.o(x$fpl$basic)
    __aeabi_fneg                             0x080119e5   Thumb Code     0  basic.o(x$fpl$basic)
    _fneg                                    0x080119e5   Thumb Code     6  basic.o(x$fpl$basic)
    _dabs                                    0x080119eb   Thumb Code     6  basic.o(x$fpl$basic)
    _fabs                                    0x080119f1   Thumb Code     6  basic.o(x$fpl$basic)
    __aeabi_dadd                             0x080119f9   Thumb Code     0  daddsub_clz.o(x$fpl$dadd)
    _dadd                                    0x080119f9   Thumb Code   332  daddsub_clz.o(x$fpl$dadd)
    __fpl_dcmp_Inf                           0x08011b49   Thumb Code    24  dcmpi.o(x$fpl$dcmpinf)
    __aeabi_ddiv                             0x08011b61   Thumb Code     0  ddiv.o(x$fpl$ddiv)
    _ddiv                                    0x08011b61   Thumb Code   552  ddiv.o(x$fpl$ddiv)
    __aeabi_d2iz                             0x08011e11   Thumb Code     0  dfix.o(x$fpl$dfix)
    _dfix                                    0x08011e11   Thumb Code    94  dfix.o(x$fpl$dfix)
    __aeabi_d2uiz                            0x08011e71   Thumb Code     0  dfixu.o(x$fpl$dfixu)
    _dfixu                                   0x08011e71   Thumb Code    90  dfixu.o(x$fpl$dfixu)
    __aeabi_i2d                              0x08011ecb   Thumb Code     0  dflt_clz.o(x$fpl$dflt)
    _dflt                                    0x08011ecb   Thumb Code    46  dflt_clz.o(x$fpl$dflt)
    __aeabi_ui2d                             0x08011ef9   Thumb Code     0  dflt_clz.o(x$fpl$dfltu)
    _dfltu                                   0x08011ef9   Thumb Code    38  dflt_clz.o(x$fpl$dfltu)
    __aeabi_cdcmple                          0x08011f21   Thumb Code     0  dleqf.o(x$fpl$dleqf)
    _dcmple                                  0x08011f21   Thumb Code   120  dleqf.o(x$fpl$dleqf)
    __fpl_dcmple_InfNaN                      0x08011f83   Thumb Code     0  dleqf.o(x$fpl$dleqf)
    __aeabi_dmul                             0x08011f99   Thumb Code     0  dmul.o(x$fpl$dmul)
    _dmul                                    0x08011f99   Thumb Code   332  dmul.o(x$fpl$dmul)
    __fpl_dnaninf                            0x080120ed   Thumb Code   156  dnaninf.o(x$fpl$dnaninf)
    __fpl_dretinf                            0x08012189   Thumb Code    12  dretinf.o(x$fpl$dretinf)
    __aeabi_cdrcmple                         0x08012195   Thumb Code     0  drleqf.o(x$fpl$drleqf)
    _drcmple                                 0x08012195   Thumb Code   108  drleqf.o(x$fpl$drleqf)
    __aeabi_drsub                            0x08012201   Thumb Code     0  daddsub_clz.o(x$fpl$drsb)
    _drsb                                    0x08012201   Thumb Code    22  daddsub_clz.o(x$fpl$drsb)
    _dsqrt                                   0x08012219   Thumb Code   404  dsqrt_umaal.o(x$fpl$dsqrt)
    __aeabi_dsub                             0x080123b1   Thumb Code     0  daddsub_clz.o(x$fpl$dsub)
    _dsub                                    0x080123b1   Thumb Code   464  daddsub_clz.o(x$fpl$dsub)
    __aeabi_f2d                              0x08012585   Thumb Code     0  f2d.o(x$fpl$f2d)
    _f2d                                     0x08012585   Thumb Code    86  f2d.o(x$fpl$f2d)
    __fpl_fnaninf                            0x080125db   Thumb Code   140  fnaninf.o(x$fpl$fnaninf)
    _fp_init                                 0x08012667   Thumb Code    10  fpinit.o(x$fpl$fpinit)
    __fplib_config_fpu_vfp                   0x0801266f   Thumb Code     0  fpinit.o(x$fpl$fpinit)
    __fplib_config_pureend_doubles           0x0801266f   Thumb Code     0  fpinit.o(x$fpl$fpinit)
    PI                                       0x08012670   Data           4  gui.o(.constdata)
    __I$use$fp                               0x08012670   Number         0  usenofp.o(x$fpl$usenofp)
    asc2_1206                                0x08012710   Data        1140  lcd.o(.constdata)
    asc2_1608                                0x08012b84   Data        1520  lcd.o(.constdata)
    asc2_2412                                0x08013174   Data        3420  lcd.o(.constdata)
    TP_REMIND_MSG_TBL                        0x08013ed0   Data           4  touch.o(.constdata)
    FT5206_TPX_TBL                           0x08013ed4   Data          10  ft5206.o(.constdata)
    GT9147_CFG_TBL                           0x08013ede   Data         184  gt9147.o(.constdata)
    GT9147_TPX_TBL                           0x08013f96   Data          10  gt9147.o(.constdata)
    OTT_TPX_TBL                              0x08013fa0   Data          10  ott2001a.o(.constdata)
    FSMC_DefaultTimingStruct                 0x08013fac   Data          28  stm32f4xx_fsmc.o(.constdata)
    Region$$Table$$Base                      0x080142f8   Number         0  anon$$obj.o(Region$$Table)
    Region$$Table$$Limit                     0x08014318   Number         0  anon$$obj.o(Region$$Table)
    SystemCoreClock                          0x20000000   Data           4  system_stm32f4xx.o(.data)
    AHBPrescTable                            0x20000004   Data          16  system_stm32f4xx.o(.data)
    bk_color                                 0x20000014   Data           2  gui.o(.data)
    now                                      0x20000018   Data           4  gui.o(.data)
    confirm                                  0x2000001c   Data           4  gui.o(.data)
    change_hour                              0x20000020   Data           4  gui.o(.data)
    add                                      0x20000024   Data           4  gui.o(.data)
    sub                                      0x20000028   Data           4  gui.o(.data)
    alarm_allow                              0x2000002c   Data           4  gui.o(.data)
    pos                                      0x20000030   Data           4  gui.o(.data)
    input                                    0x20000034   Data           4  gui.o(.data)
    alarm_clock_working                      0x20000038   Data           4  gui.o(.data)
    dropi                                    0x2000003c   Data           4  gui.o(.data)
    last_dropi                               0x20000040   Data           4  gui.o(.data)
    continue_                                0x20000044   Data           4  gui.o(.data)
    stop                                     0x20000048   Data           4  gui.o(.data)
    restart                                  0x2000004c   Data           4  gui.o(.data)
    hour_count_down                          0x20000050   Data           4  gui.o(.data)
    minute_count_down                        0x20000054   Data           4  gui.o(.data)
    second_count_down                        0x20000058   Data           4  gui.o(.data)
    POINT_COLOR                              0x2000005c   Data           2  lcd.o(.data)
    BACK_COLOR                               0x2000005e   Data           2  lcd.o(.data)
    NVIC_InitStructure                       0x20000060   Data           4  rtc.o(.data)
    tp_dev                                   0x20000068   Data          52  touch.o(.data)
    CMD_RDX                                  0x2000009c   Data           1  touch.o(.data)
    CMD_RDY                                  0x2000009d   Data           1  touch.o(.data)
    __stdout                                 0x200000a8   Data           4  usart.o(.data)
    USART_RX_STA                             0x200000ac   Data           2  usart.o(.data)
    sys_cmd_tab                              0x200000c0   Data          28  usmart.o(.data)
    usmart_nametab                           0x200000dc   Data          64  usmart_config.o(.data)
    usmart_dev                               0x2000011c   Data         244  usmart_config.o(.data)
    usart_data                               0x20000210   Data          20  gui.o(.bss)
    set_time_button                          0x20000224   Data          40  gui.o(.bss)
    set_clock_button                         0x2000024c   Data          40  gui.o(.bss)
    countdown_button                         0x20000274   Data          40  gui.o(.bss)
    count_button                             0x2000029c   Data          40  gui.o(.bss)
    set_time_port_button                     0x200002c4   Data          40  gui.o(.bss)
    set_time_click_button                    0x200002ec   Data          40  gui.o(.bss)
    add_button1                              0x20000314   Data          40  gui.o(.bss)
    add_button2                              0x2000033c   Data          40  gui.o(.bss)
    add_button3                              0x20000364   Data          40  gui.o(.bss)
    add_button4                              0x2000038c   Data          40  gui.o(.bss)
    add_button5                              0x200003b4   Data          40  gui.o(.bss)
    add_button6                              0x200003dc   Data          40  gui.o(.bss)
    sub_button1                              0x20000404   Data          40  gui.o(.bss)
    sub_button2                              0x2000042c   Data          40  gui.o(.bss)
    sub_button3                              0x20000454   Data          40  gui.o(.bss)
    sub_button4                              0x2000047c   Data          40  gui.o(.bss)
    sub_button5                              0x200004a4   Data          40  gui.o(.bss)
    sub_button6                              0x200004cc   Data          40  gui.o(.bss)
    confirm_button                           0x200004f4   Data          40  gui.o(.bss)
    cancel_button                            0x2000051c   Data          40  gui.o(.bss)
    drop_button                              0x20000544   Data          40  gui.o(.bss)
    add_button                               0x2000056c   Data          40  gui.o(.bss)
    alarm_clock_list                         0x20000594   Data         240  gui.o(.bss)
    continue_button                          0x20000684   Data          40  gui.o(.bss)
    stop_button                              0x200006ac   Data          40  gui.o(.bss)
    restart_button                           0x200006d4   Data          40  gui.o(.bss)
    lcddev                                   0x200006fc   Data          14  lcd.o(.bss)
    time_begin                               0x2000070c   Data          12  rtc.o(.bss)
    my_alarm_clock                           0x20000718   Data         128  rtc.o(.bss)
    USART_RX_BUF                             0x20000798   Data         200  usart.o(.bss)
    __libspace_start                         0x20000860   Data          96  libspace.o(.bss)
    __temporary_stack_top$libspace           0x200008c0   Data           0  libspace.o(.bss)



==============================================================================

Memory Map of the image

  Image Entry point : 0x08000189

  Load Region LR_IROM1 (Base: 0x08000000, Size: 0x00014528, Max: 0x00100000, ABSOLUTE, COMPRESSED[0x000143b0])

    Execution Region ER_IROM1 (Base: 0x08000000, Size: 0x00014318, Max: 0x00100000, ABSOLUTE)

    Base Addr    Size         Type   Attr      Idx    E Section Name        Object

    0x08000000   0x00000188   Data   RO          742    RESET               startup_stm32f40_41xxx.o
    0x08000188   0x00000008   Code   RO         1112  * !!!main             c_w.l(__main.o)
    0x08000190   0x00000034   Code   RO         1411    !!!scatter          c_w.l(__scatter.o)
    0x080001c4   0x0000005a   Code   RO         1409    !!dczerorl2         c_w.l(__dczerorl2.o)
    0x0800021e   0x00000002   PAD
    0x08000220   0x0000001c   Code   RO         1413    !!handler_zi        c_w.l(__scatter_zi.o)
    0x0800023c   0x00000000   Code   RO         1103    .ARM.Collect$$_printf_percent$$00000000  c_w.l(_printf_percent.o)
    0x0800023c   0x00000006   Code   RO         1101    .ARM.Collect$$_printf_percent$$00000009  c_w.l(_printf_d.o)
    0x08000242   0x00000006   Code   RO         1102    .ARM.Collect$$_printf_percent$$0000000A  c_w.l(_printf_u.o)
    0x08000248   0x00000006   Code   RO         1100    .ARM.Collect$$_printf_percent$$0000000C  c_w.l(_printf_x.o)
    0x0800024e   0x00000006   Code   RO         1098    .ARM.Collect$$_printf_percent$$00000013  c_w.l(_printf_c.o)
    0x08000254   0x00000006   Code   RO         1099    .ARM.Collect$$_printf_percent$$00000014  c_w.l(_printf_s.o)
    0x0800025a   0x00000004   Code   RO         1197    .ARM.Collect$$_printf_percent$$00000017  c_w.l(_printf_percent_end.o)
    0x0800025e   0x00000002   Code   RO         1287    .ARM.Collect$$libinit$$00000000  c_w.l(libinit.o)
    0x08000260   0x00000004   Code   RO         1290    .ARM.Collect$$libinit$$00000001  c_w.l(libinit2.o)
    0x08000264   0x00000000   Code   RO         1293    .ARM.Collect$$libinit$$00000004  c_w.l(libinit2.o)
    0x08000264   0x00000000   Code   RO         1296    .ARM.Collect$$libinit$$0000000A  c_w.l(libinit2.o)
    0x08000264   0x00000000   Code   RO         1298    .ARM.Collect$$libinit$$0000000C  c_w.l(libinit2.o)
    0x08000264   0x00000000   Code   RO         1300    .ARM.Collect$$libinit$$0000000E  c_w.l(libinit2.o)
    0x08000264   0x00000000   Code   RO         1303    .ARM.Collect$$libinit$$00000011  c_w.l(libinit2.o)
    0x08000264   0x00000000   Code   RO         1305    .ARM.Collect$$libinit$$00000013  c_w.l(libinit2.o)
    0x08000264   0x00000000   Code   RO         1307    .ARM.Collect$$libinit$$00000015  c_w.l(libinit2.o)
    0x08000264   0x00000000   Code   RO         1309    .ARM.Collect$$libinit$$00000017  c_w.l(libinit2.o)
    0x08000264   0x00000000   Code   RO         1311    .ARM.Collect$$libinit$$00000019  c_w.l(libinit2.o)
    0x08000264   0x00000000   Code   RO         1313    .ARM.Collect$$libinit$$0000001B  c_w.l(libinit2.o)
    0x08000264   0x00000000   Code   RO         1315    .ARM.Collect$$libinit$$0000001D  c_w.l(libinit2.o)
    0x08000264   0x00000000   Code   RO         1317    .ARM.Collect$$libinit$$0000001F  c_w.l(libinit2.o)
    0x08000264   0x00000000   Code   RO         1319    .ARM.Collect$$libinit$$00000021  c_w.l(libinit2.o)
    0x08000264   0x00000000   Code   RO         1321    .ARM.Collect$$libinit$$00000023  c_w.l(libinit2.o)
    0x08000264   0x00000000   Code   RO         1323    .ARM.Collect$$libinit$$00000025  c_w.l(libinit2.o)
    0x08000264   0x00000000   Code   RO         1327    .ARM.Collect$$libinit$$0000002C  c_w.l(libinit2.o)
    0x08000264   0x00000000   Code   RO         1329    .ARM.Collect$$libinit$$0000002E  c_w.l(libinit2.o)
    0x08000264   0x00000000   Code   RO         1331    .ARM.Collect$$libinit$$00000030  c_w.l(libinit2.o)
    0x08000264   0x00000000   Code   RO         1333    .ARM.Collect$$libinit$$00000032  c_w.l(libinit2.o)
    0x08000264   0x00000002   Code   RO         1334    .ARM.Collect$$libinit$$00000033  c_w.l(libinit2.o)
    0x08000266   0x00000002   Code   RO         1352    .ARM.Collect$$libshutdown$$00000000  c_w.l(libshutdown.o)
    0x08000268   0x00000000   Code   RO         1363    .ARM.Collect$$libshutdown$$00000003  c_w.l(libshutdown2.o)
    0x08000268   0x00000000   Code   RO         1366    .ARM.Collect$$libshutdown$$00000006  c_w.l(libshutdown2.o)
    0x08000268   0x00000000   Code   RO         1369    .ARM.Collect$$libshutdown$$00000009  c_w.l(libshutdown2.o)
    0x08000268   0x00000000   Code   RO         1371    .ARM.Collect$$libshutdown$$0000000B  c_w.l(libshutdown2.o)
    0x08000268   0x00000000   Code   RO         1374    .ARM.Collect$$libshutdown$$0000000E  c_w.l(libshutdown2.o)
    0x08000268   0x00000002   Code   RO         1375    .ARM.Collect$$libshutdown$$0000000F  c_w.l(libshutdown2.o)
    0x0800026a   0x00000000   Code   RO         1184    .ARM.Collect$$rtentry$$00000000  c_w.l(__rtentry.o)
    0x0800026a   0x00000000   Code   RO         1240    .ARM.Collect$$rtentry$$00000002  c_w.l(__rtentry2.o)
    0x0800026a   0x00000006   Code   RO         1252    .ARM.Collect$$rtentry$$00000004  c_w.l(__rtentry4.o)
    0x08000270   0x00000000   Code   RO         1242    .ARM.Collect$$rtentry$$00000009  c_w.l(__rtentry2.o)
    0x08000270   0x00000004   Code   RO         1243    .ARM.Collect$$rtentry$$0000000A  c_w.l(__rtentry2.o)
    0x08000274   0x00000000   Code   RO         1245    .ARM.Collect$$rtentry$$0000000C  c_w.l(__rtentry2.o)
    0x08000274   0x00000008   Code   RO         1246    .ARM.Collect$$rtentry$$0000000D  c_w.l(__rtentry2.o)
    0x0800027c   0x00000002   Code   RO         1288    .ARM.Collect$$rtexit$$00000000  c_w.l(rtexit.o)
    0x0800027e   0x00000000   Code   RO         1336    .ARM.Collect$$rtexit$$00000002  c_w.l(rtexit2.o)
    0x0800027e   0x00000004   Code   RO         1337    .ARM.Collect$$rtexit$$00000003  c_w.l(rtexit2.o)
    0x08000282   0x00000006   Code   RO         1338    .ARM.Collect$$rtexit$$00000004  c_w.l(rtexit2.o)
    0x08000288   0x0000004c   Code   RO            3    .text               main.o
    0x080002d4   0x0000001a   Code   RO          200    .text               stm32f4xx_it.o
    0x080002ee   0x00000002   PAD
    0x080002f0   0x00000210   Code   RO          249    .text               system_stm32f4xx.o
    0x08000500   0x00004188   Code   RO          275    .text               gui.o
    0x08004688   0x00000040   Code   RO          311    .text               led.o
    0x080046c8   0x00004c80   Code   RO          331    .text               lcd.o
    0x08009348   0x000005d0   Code   RO          362    .text               rtc.o
    0x08009918   0x000001b0   Code   RO          390    .text               adc.o
    0x08009ac8   0x00000040   Code   RO          410    .text               beep.o
    0x08009b08   0x00000104   Code   RO          430    .text               key.o
    0x08009c0c   0x000001cc   Code   RO          454    .text               exti.o
    0x08009dd8   0x000010e0   Code   RO          501    .text               touch.o
    0x0800aeb8   0x00000254   Code   RO          535    .text               ctiic.o
    0x0800b10c   0x0000032c   Code   RO          558    .text               ft5206.o
    0x0800b438   0x00000448   Code   RO          582    .text               gt9147.o
    0x0800b880   0x00000388   Code   RO          606    .text               ott2001a.o
    0x0800bc08   0x0000017a   Code   RO          630    .text               24cxx.o
    0x0800bd82   0x00000002   PAD
    0x0800bd84   0x0000025c   Code   RO          650    .text               myiic.o
    0x0800bfe0   0x00000104   Code   RO          670    .text               delay.o
    0x0800c0e4   0x00000130   Code   RO          710    .text               usart.o
    0x0800c214   0x00000040   Code   RO          743    .text               startup_stm32f40_41xxx.o
    0x0800c254   0x000000e0   Code   RO          749    .text               misc.o
    0x0800c334   0x00000294   Code   RO          769    .text               stm32f4xx_gpio.o
    0x0800c5c8   0x000005c8   Code   RO          789    .text               stm32f4xx_fsmc.o
    0x0800cb90   0x0000065c   Code   RO          812    .text               stm32f4xx_rcc.o
    0x0800d1ec   0x00000094   Code   RO          834    .text               stm32f4xx_syscfg.o
    0x0800d280   0x00000454   Code   RO          854    .text               stm32f4xx_usart.o
    0x0800d6d4   0x00000d68   Code   RO          874    .text               stm32f4xx_rtc.o
    0x0800e43c   0x00000ca2   Code   RO          894    .text               stm32f4xx_tim.o
    0x0800f0de   0x00000002   PAD
    0x0800f0e0   0x00000110   Code   RO          914    .text               stm32f4xx_exti.o
    0x0800f1f0   0x0000016c   Code   RO          934    .text               stm32f4xx_pwr.o
    0x0800f35c   0x00000464   Code   RO          954    .text               stm32f4xx_adc.o
    0x0800f7c0   0x00000c34   Code   RO          974    .text               usmart.o
    0x080103f4   0x00000528   Code   RO         1019    .text               usmart_str.o
    0x0801091c   0x00000002   Code   RO         1039    .text               c_w.l(use_no_semi_2.o)
    0x0801091e   0x00000002   PAD
    0x08010920   0x00000018   Code   RO         1045    .text               c_w.l(noretval__2printf.o)
    0x08010938   0x00000028   Code   RO         1047    .text               c_w.l(noretval__2sprintf.o)
    0x08010960   0x0000004e   Code   RO         1051    .text               c_w.l(_printf_pad.o)
    0x080109ae   0x00000052   Code   RO         1053    .text               c_w.l(_printf_str.o)
    0x08010a00   0x00000078   Code   RO         1055    .text               c_w.l(_printf_dec.o)
    0x08010a78   0x00000058   Code   RO         1060    .text               c_w.l(_printf_hex_int.o)
    0x08010ad0   0x00000188   Code   RO         1095    .text               c_w.l(__printf_flags_ss_wp.o)
    0x08010c58   0x00000048   Code   RO         1104    .text               c_w.l(strcpy.o)
    0x08010ca0   0x00000064   Code   RO         1106    .text               c_w.l(rt_memcpy_w.o)
    0x08010d04   0x00000080   Code   RO         1108    .text               c_w.l(strcmpv7m.o)
    0x08010d84   0x00000006   Code   RO         1110    .text               c_w.l(heapauxi.o)
    0x08010d8a   0x00000002   Code   RO         1182    .text               c_w.l(use_no_semi.o)
    0x08010d8c   0x00000016   Code   RO         1185    .text               c_w.l(_rserrno.o)
    0x08010da2   0x000000b2   Code   RO         1187    .text               c_w.l(_printf_intcommon.o)
    0x08010e54   0x00000030   Code   RO         1189    .text               c_w.l(_printf_char_common.o)
    0x08010e84   0x0000000a   Code   RO         1191    .text               c_w.l(_sputc.o)
    0x08010e8e   0x0000002c   Code   RO         1193    .text               c_w.l(_printf_char.o)
    0x08010eba   0x00000002   PAD
    0x08010ebc   0x00000024   Code   RO         1195    .text               c_w.l(_printf_char_file.o)
    0x08010ee0   0x00000008   Code   RO         1257    .text               c_w.l(rt_errno_addr_intlibspace.o)
    0x08010ee8   0x00000008   Code   RO         1261    .text               c_w.l(ferror.o)
    0x08010ef0   0x00000008   Code   RO         1275    .text               c_w.l(libspace.o)
    0x08010ef8   0x0000004a   Code   RO         1278    .text               c_w.l(sys_stackheap_outer.o)
    0x08010f42   0x0000000c   Code   RO         1280    .text               c_w.l(exit.o)
    0x08010f4e   0x00000030   Code   RO         1271    i.__ARM_fpclassify  m_wm.l(fpclassify.o)
    0x08010f7e   0x00000002   PAD
    0x08010f80   0x000000c8   Code   RO         1146    i.__hardfp_cos      m_wm.l(cos.o)
    0x08011048   0x000000c8   Code   RO         1158    i.__hardfp_sin      m_wm.l(sin.o)
    0x08011110   0x0000007a   Code   RO         1170    i.__hardfp_sqrt     m_wm.l(sqrt.o)
    0x0801118a   0x00000006   PAD
    0x08011190   0x00000438   Code   RO         1228    i.__ieee754_rem_pio2  m_wm.l(rred.o)
    0x080115c8   0x00000170   Code   RO         1211    i.__kernel_cos      m_wm.l(cos_i.o)
    0x08011738   0x000000f8   Code   RO         1273    i.__kernel_poly     m_wm.l(poly.o)
    0x08011830   0x00000130   Code   RO         1233    i.__kernel_sin      m_wm.l(sin_i.o)
    0x08011960   0x00000014   Code   RO         1215    i.__mathlib_dbl_infnan  m_wm.l(dunder.o)
    0x08011974   0x00000004   PAD
    0x08011978   0x00000020   Code   RO         1217    i.__mathlib_dbl_invalid  m_wm.l(dunder.o)
    0x08011998   0x00000020   Code   RO         1220    i.__mathlib_dbl_underflow  m_wm.l(dunder.o)
    0x080119b8   0x0000000e   Code   RO         1088    i._is_digit         c_w.l(__printf_wp.o)
    0x080119c6   0x00000018   Code   RO         1267    i.fabs              m_wm.l(fabs.o)
    0x080119de   0x00000018   Code   RO         1198    x$fpl$basic         fz_wm.l(basic.o)
    0x080119f6   0x00000002   PAD
    0x080119f8   0x00000150   Code   RO         1114    x$fpl$dadd          fz_wm.l(daddsub_clz.o)
    0x08011b48   0x00000018   Code   RO         1200    x$fpl$dcmpinf       fz_wm.l(dcmpi.o)
    0x08011b60   0x000002b0   Code   RO         1121    x$fpl$ddiv          fz_wm.l(ddiv.o)
    0x08011e10   0x0000005e   Code   RO         1124    x$fpl$dfix          fz_wm.l(dfix.o)
    0x08011e6e   0x00000002   PAD
    0x08011e70   0x0000005a   Code   RO         1128    x$fpl$dfixu         fz_wm.l(dfixu.o)
    0x08011eca   0x0000002e   Code   RO         1133    x$fpl$dflt          fz_wm.l(dflt_clz.o)
    0x08011ef8   0x00000026   Code   RO         1132    x$fpl$dfltu         fz_wm.l(dflt_clz.o)
    0x08011f1e   0x00000002   PAD
    0x08011f20   0x00000078   Code   RO         1138    x$fpl$dleqf         fz_wm.l(dleqf.o)
    0x08011f98   0x00000154   Code   RO         1140    x$fpl$dmul          fz_wm.l(dmul.o)
    0x080120ec   0x0000009c   Code   RO         1202    x$fpl$dnaninf       fz_wm.l(dnaninf.o)
    0x08012188   0x0000000c   Code   RO         1204    x$fpl$dretinf       fz_wm.l(dretinf.o)
    0x08012194   0x0000006c   Code   RO         1142    x$fpl$drleqf        fz_wm.l(drleqf.o)
    0x08012200   0x00000016   Code   RO         1115    x$fpl$drsb          fz_wm.l(daddsub_clz.o)
    0x08012216   0x00000002   PAD
    0x08012218   0x00000198   Code   RO         1206    x$fpl$dsqrt         fz_wm.l(dsqrt_umaal.o)
    0x080123b0   0x000001d4   Code   RO         1116    x$fpl$dsub          fz_wm.l(daddsub_clz.o)
    0x08012584   0x00000056   Code   RO         1144    x$fpl$f2d           fz_wm.l(f2d.o)
    0x080125da   0x0000008c   Code   RO         1208    x$fpl$fnaninf       fz_wm.l(fnaninf.o)
    0x08012666   0x0000000a   Code   RO         1344    x$fpl$fpinit        fz_wm.l(fpinit.o)
    0x08012670   0x00000000   Code   RO         1210    x$fpl$usenofp       fz_wm.l(usenofp.o)
    0x08012670   0x000000a0   Data   RO          277    .constdata          gui.o
    0x08012710   0x000017c0   Data   RO          333    .constdata          lcd.o
    0x08013ed0   0x00000004   Data   RO          502    .constdata          touch.o
    0x08013ed4   0x0000000a   Data   RO          559    .constdata          ft5206.o
    0x08013ede   0x000000c2   Data   RO          583    .constdata          gt9147.o
    0x08013fa0   0x0000000a   Data   RO          607    .constdata          ott2001a.o
    0x08013faa   0x00000002   PAD
    0x08013fac   0x0000001c   Data   RO          790    .constdata          stm32f4xx_fsmc.o
    0x08013fc8   0x00000028   Data   RO         1061    .constdata          c_w.l(_printf_hex_int.o)
    0x08013ff0   0x00000011   Data   RO         1096    .constdata          c_w.l(__printf_flags_ss_wp.o)
    0x08014001   0x00000007   PAD
    0x08014008   0x00000030   Data   RO         1212    .constdata          m_wm.l(cos_i.o)
    0x08014038   0x000000c8   Data   RO         1230    .constdata          m_wm.l(rred.o)
    0x08014100   0x00000028   Data   RO         1234    .constdata          m_wm.l(sin_i.o)
    0x08014128   0x00000079   Data   RO          503    .conststring        touch.o
    0x080141a1   0x00000003   PAD
    0x080141a4   0x00000028   Data   RO          975    .conststring        usmart.o
    0x080141cc   0x0000012a   Data   RO          998    .conststring        usmart_config.o
    0x080142f6   0x00000002   PAD
    0x080142f8   0x00000020   Data   RO         1407    Region$$Table       anon$$obj.o


    Execution Region RW_IRAM1 (Base: 0x20000000, Size: 0x00000ec0, Max: 0x00020000, ABSOLUTE, COMPRESSED[0x00000098])

    Base Addr    Size         Type   Attr      Idx    E Section Name        Object

    0x20000000   0x00000014   Data   RW          250    .data               system_stm32f4xx.o
    0x20000014   0x00000048   Data   RW          278    .data               gui.o
    0x2000005c   0x00000004   Data   RW          334    .data               lcd.o
    0x20000060   0x00000004   Data   RW          364    .data               rtc.o
    0x20000064   0x00000001   Data   RW          431    .data               key.o
    0x20000065   0x00000003   PAD
    0x20000068   0x00000036   Data   RW          504    .data               touch.o
    0x2000009e   0x00000001   Data   RW          560    .data               ft5206.o
    0x2000009f   0x00000001   Data   RW          584    .data               gt9147.o
    0x200000a0   0x00000001   Data   RW          608    .data               ott2001a.o
    0x200000a1   0x00000001   PAD
    0x200000a2   0x00000004   Data   RW          671    .data               delay.o
    0x200000a6   0x00000002   PAD
    0x200000a8   0x00000006   Data   RW          712    .data               usart.o
    0x200000ae   0x00000010   Data   RW          813    .data               stm32f4xx_rcc.o
    0x200000be   0x00000002   PAD
    0x200000c0   0x0000001c   Data   RW          976    .data               usmart.o
    0x200000dc   0x00000134   Data   RW          999    .data               usmart_config.o
    0x20000210   0x000004ec   Zero   RW          276    .bss                gui.o
    0x200006fc   0x0000000e   Zero   RW          332    .bss                lcd.o
    0x2000070a   0x00000002   PAD
    0x2000070c   0x0000008c   Zero   RW          363    .bss                rtc.o
    0x20000798   0x000000c8   Zero   RW          711    .bss                usart.o
    0x20000860   0x00000060   Zero   RW         1276    .bss                c_w.l(libspace.o)
    0x200008c0   0x00000200   Zero   RW          741    HEAP                startup_stm32f40_41xxx.o
    0x20000ac0   0x00000400   Zero   RW          740    STACK               startup_stm32f40_41xxx.o


==============================================================================

Image component sizes


      Code (inc. data)   RO Data    RW Data    ZI Data      Debug   Object Name

       378          0          0          0          0       2682   24cxx.o
       432         48          0          0          0       1440   adc.o
        64          4          0          0          0        536   beep.o
       596         24          0          0          0       2069   ctiic.o
       260          8          0          4          0       1453   delay.o
       460         12          0          0          0       1333   exti.o
       812         40         10          1          0       2507   ft5206.o
      1096         78        194          1          0       3042   gt9147.o
     16776       1036        160         72       1260      22221   gui.o
       260         12          0          1          0        876   key.o
     19584        174       6080          4         14      22314   lcd.o
        64          4          0          0          0        535   led.o
        76          8          0          0          0     322215   main.o
       224         20          0          0          0       1833   misc.o
       604         14          0          0          0       1904   myiic.o
       904         66         10          1          0       2691   ott2001a.o
      1488         50          0          4        140       5903   rtc.o
        64         26        392          0       1536        836   startup_stm32f40_41xxx.o
      1124         24          0          0          0      10506   stm32f4xx_adc.o
       272         10          0          0          0       2279   stm32f4xx_exti.o
      1480         18         28          0          0       5638   stm32f4xx_fsmc.o
       660         44          0          0          0       4113   stm32f4xx_gpio.o
        26          0          0          0          0       1230   stm32f4xx_it.o
       364         12          0          0          0       3743   stm32f4xx_pwr.o
      1628         52          0         16          0      12904   stm32f4xx_rcc.o
      3432         44          0          0          0      15076   stm32f4xx_rtc.o
       148         12          0          0          0       1853   stm32f4xx_syscfg.o
      3234         60          0          0          0      22316   stm32f4xx_tim.o
      1108         34          0          0          0       7812   stm32f4xx_usart.o
       528         46          0         20          0       1803   system_stm32f4xx.o
      4320        228        125         54          0       6697   touch.o
       304         26          0          6        200       3461   usart.o
      3124       1286         40         28          0       4390   usmart.o
         0          0        298        308          0       1544   usmart_config.o
      1320         12          0          0          0       5181   usmart_str.o

    ----------------------------------------------------------------------
     67220       3532       7376        528       3152     506936   Object Totals
         0          0         32          0          0          0   (incl. Generated)
         6          0          7          8          2          0   (incl. Padding)

    ----------------------------------------------------------------------

      Code (inc. data)   RO Data    RW Data    ZI Data      Debug   Library Member Name

        90          0          0          0          0          0   __dczerorl2.o
         8          0          0          0          0         68   __main.o
       392          4         17          0          0         92   __printf_flags_ss_wp.o
        14          0          0          0          0         68   __printf_wp.o
         0          0          0          0          0          0   __rtentry.o
        12          0          0          0          0          0   __rtentry2.o
         6          0          0          0          0          0   __rtentry4.o
        52          8          0          0          0          0   __scatter.o
        28          0          0          0          0          0   __scatter_zi.o
         6          0          0          0          0          0   _printf_c.o
        44          0          0          0          0        108   _printf_char.o
        48          6          0          0          0         96   _printf_char_common.o
        36          4          0          0          0         80   _printf_char_file.o
         6          0          0          0          0          0   _printf_d.o
       120         16          0          0          0         92   _printf_dec.o
        88          4         40          0          0         88   _printf_hex_int.o
       178          0          0          0          0         88   _printf_intcommon.o
        78          0          0          0          0        108   _printf_pad.o
         0          0          0          0          0          0   _printf_percent.o
         4          0          0          0          0          0   _printf_percent_end.o
         6          0          0          0          0          0   _printf_s.o
        82          0          0          0          0         80   _printf_str.o
         6          0          0          0          0          0   _printf_u.o
         6          0          0          0          0          0   _printf_x.o
        22          0          0          0          0        100   _rserrno.o
        10          0          0          0          0         68   _sputc.o
        12          0          0          0          0         72   exit.o
         8          0          0          0          0         68   ferror.o
         6          0          0          0          0        152   heapauxi.o
         2          0          0          0          0          0   libinit.o
         6          0          0          0          0          0   libinit2.o
         2          0          0          0          0          0   libshutdown.o
         2          0          0          0          0          0   libshutdown2.o
         8          4          0          0         96         68   libspace.o
        24          4          0          0          0         84   noretval__2printf.o
        40          6          0          0          0         84   noretval__2sprintf.o
         8          4          0          0          0         68   rt_errno_addr_intlibspace.o
       100          0          0          0          0         80   rt_memcpy_w.o
         2          0          0          0          0          0   rtexit.o
        10          0          0          0          0          0   rtexit2.o
       128          0          0          0          0         68   strcmpv7m.o
        72          0          0          0          0         80   strcpy.o
        74          0          0          0          0         80   sys_stackheap_outer.o
         2          0          0          0          0         68   use_no_semi.o
         2          0          0          0          0         68   use_no_semi_2.o
        24          0          0          0          0        164   basic.o
       826         16          0          0          0        492   daddsub_clz.o
        24          0          0          0          0        116   dcmpi.o
       688        140          0          0          0        256   ddiv.o
        94          4          0          0          0        140   dfix.o
        90          4          0          0          0        140   dfixu.o
        84          0          0          0          0        232   dflt_clz.o
       120          4          0          0          0        140   dleqf.o
       340         12          0          0          0        152   dmul.o
       156          4          0          0          0        140   dnaninf.o
        12          0          0          0          0        116   dretinf.o
       108          0          0          0          0        128   drleqf.o
       408         56          0          0          0        168   dsqrt_umaal.o
        86          4          0          0          0        132   f2d.o
       140          4          0          0          0        132   fnaninf.o
        10          0          0          0          0        116   fpinit.o
         0          0          0          0          0          0   usenofp.o
       200         20          0          0          0        164   cos.o
       368         46         48          0          0        200   cos_i.o
        84         16          0          0          0        372   dunder.o
        24          0          0          0          0        124   fabs.o
        48          0          0          0          0        124   fpclassify.o
       248          0          0          0          0        152   poly.o
      1080        142        200          0          0        188   rred.o
       200         20          0          0          0        164   sin.o
       304         24         40          0          0        208   sin_i.o
       122          0          0          0          0        148   sqrt.o

    ----------------------------------------------------------------------
      7764        576        352          0         96       6784   Library Totals
        26          0          7          0          0          0   (incl. Padding)

    ----------------------------------------------------------------------

      Code (inc. data)   RO Data    RW Data    ZI Data      Debug   Library Name

      1850         60         57          0         96       2176   c_w.l
      3210        248          0          0          0       2764   fz_wm.l
      2678        268        288          0          0       1844   m_wm.l

    ----------------------------------------------------------------------
      7764        576        352          0         96       6784   Library Totals

    ----------------------------------------------------------------------

==============================================================================


      Code (inc. data)   RO Data    RW Data    ZI Data      Debug   

     74984       4108       7728        528       3248     502476   Grand Totals
     74984       4108       7728        152       3248     502476   ELF Image Totals (compressed)
     74984       4108       7728        152          0          0   ROM Totals

==============================================================================

    Total RO  Size (Code + RO Data)                82712 (  80.77kB)
    Total RW  Size (RW Data + ZI Data)              3776 (   3.69kB)
    Total ROM Size (Code + RO Data + RW Data)      82864 (  80.92kB)

==============================================================================

